// Jest Snapshot v1, https://goo.gl/fbAQLP

exports[`<ApproveInfo /> renders component for approve request 1`] = `
<div>
  <div
    class="mm-box mm-box--margin-bottom-4 mm-box--padding-2 mm-box--background-color-background-default mm-box--rounded-md"
    data-testid="confirmation__simulation_section"
  >
    <div
      class="mm-box confirm-info-row mm-box--margin-top-2 mm-box--margin-bottom-2 mm-box--padding-right-2 mm-box--padding-left-2 mm-box--display-flex mm-box--flex-direction-row mm-box--flex-wrap-wrap mm-box--justify-content-space-between mm-box--align-items-center mm-box--color-text-default mm-box--rounded-lg"
      style="overflow-wrap: anywhere; min-height: 24px; position: relative;"
    >
      <div
        class="mm-box mm-box--display-flex mm-box--flex-direction-row mm-box--justify-content-center mm-box--align-items-flex-start"
      >
        <div
          class="mm-box mm-box--display-flex mm-box--align-items-center"
        >
          <p
            class="mm-box mm-text mm-text--body-md-medium mm-box--color-inherit"
          >
            Estimated changes
          </p>
          <div>
            <div
              aria-describedby="tippy-tooltip-1"
              class=""
              data-original-title="Estimated changes are what might happen if you go through with this transaction. This is just a prediction, not a guarantee."
              data-tooltipped=""
              style="display: flex;"
              tabindex="0"
            >
              <span
                class="mm-box mm-icon mm-icon--size-sm mm-box--margin-left-1 mm-box--display-inline-block mm-box--color-icon-muted"
                style="mask-image: url('./images/icons/question.svg');"
              />
            </div>
          </div>
        </div>
      </div>
      <div
        class="mm-box mm-box--display-flex mm-box--gap-2 mm-box--flex-wrap-wrap mm-box--align-items-center mm-box--min-width-0"
      >
        <p
          class="mm-box mm-text mm-text--body-md mm-box--color-inherit"
          style="white-space: pre-wrap;"
        >
          You're giving someone else permission to spend this amount from your account.
        </p>
      </div>
    </div>
    <div
      class="mm-box confirm-info-row mm-box--margin-top-2 mm-box--margin-bottom-2 mm-box--padding-right-2 mm-box--padding-left-2 mm-box--display-flex mm-box--flex-direction-row mm-box--flex-wrap-wrap mm-box--justify-content-space-between mm-box--align-items-center mm-box--color-text-default mm-box--rounded-lg"
      style="overflow-wrap: anywhere; min-height: 24px; position: relative;"
    >
      <div
        class="mm-box mm-box--display-flex mm-box--flex-direction-row mm-box--justify-content-center mm-box--align-items-flex-start"
      >
        <div
          class="mm-box mm-box--display-flex mm-box--align-items-center"
        >
          <p
            class="mm-box mm-text mm-text--body-md-medium mm-box--color-inherit"
          >
            Spending cap
          </p>
        </div>
      </div>
      <div
        class="mm-box"
        style="margin-left: auto; max-width: 100%;"
      >
        <div
          class="mm-box mm-box--display-flex mm-box--align-items-center"
        >
          <div
            class="mm-box mm-box--margin-inline-end-1 mm-box--display-inline mm-box--min-width-0"
          >
            <p
              class="mm-box mm-text mm-text--body-md mm-text--text-align-center mm-box--padding-inline-2 mm-box--align-items-center mm-box--color-text-default mm-box--background-color-background-alternative mm-box--rounded-xl"
              data-testid="simulation-token-value"
            >
              1000
            </p>
          </div>
          <div
            class="mm-box mm-box--display-flex"
          >
            <div
              class="name name__missing"
            >
              <span
                class="mm-box name__icon mm-icon mm-icon--size-md mm-box--display-inline-block mm-box--color-inherit"
                style="mask-image: url('./images/icons/question.svg');"
              />
              <p
                class="mm-box mm-text name__value mm-text--body-md mm-box--color-text-default"
              >
                0x07614...3ad68
              </p>
            </div>
          </div>
        </div>
      </div>
    </div>
  </div>
  <div
    class="mm-box mm-box--margin-bottom-4 mm-box--padding-2 mm-box--background-color-background-default mm-box--rounded-md"
    data-testid="confirmation__approve-details"
  >
    <div
      class="mm-box confirm-info-row mm-box--margin-top-2 mm-box--margin-bottom-2 mm-box--padding-right-2 mm-box--padding-left-2 mm-box--display-flex mm-box--flex-direction-row mm-box--flex-wrap-wrap mm-box--justify-content-space-between mm-box--align-items-center mm-box--color-text-default mm-box--rounded-lg"
      data-testid="confirmation__approve-spender"
      style="overflow-wrap: anywhere; min-height: 24px; position: relative;"
    >
      <div
        class="mm-box mm-box--display-flex mm-box--flex-direction-row mm-box--justify-content-center mm-box--align-items-flex-start"
      >
        <div
          class="mm-box mm-box--display-flex mm-box--align-items-center"
        >
          <p
            class="mm-box mm-text mm-text--body-md-medium mm-box--color-inherit"
          >
            Spender
          </p>
          <div>
            <div
              aria-describedby="tippy-tooltip-2"
              class=""
              data-original-title="This is the address that will be able to spend your tokens on your behalf."
              data-tooltipped=""
              style="display: flex;"
              tabindex="0"
            >
              <span
                class="mm-box mm-icon mm-icon--size-sm mm-box--margin-left-1 mm-box--display-inline-block mm-box--color-icon-muted"
                data-testid="confirmation__approve-spender-tooltip"
                style="mask-image: url('./images/icons/question.svg');"
              />
            </div>
          </div>
        </div>
      </div>
      <div
        class="mm-box mm-box--display-flex mm-box--flex-direction-row mm-box--align-items-center"
      >
        <div
          class="mm-box mm-box--display-flex mm-box--flex-direction-row mm-box--align-items-center"
        >
          <div
            class="mm-box mm-text mm-avatar-base mm-avatar-base--size-xs mm-avatar-account mm-text--body-xs mm-text--text-transform-uppercase mm-box--display-flex mm-box--justify-content-center mm-box--align-items-center mm-box--color-text-default mm-box--background-color-background-alternative mm-box--rounded-full mm-box--border-color-transparent box--border-style-solid box--border-width-1"
          >
            <div
              class="mm-avatar-account__jazzicon"
            >
              <div
                style="border-radius: 50px; overflow: hidden; padding: 0px; margin: 0px; width: 16px; height: 16px; display: inline-block; background: rgb(24, 100, 242);"
              >
                <svg
                  height="16"
                  width="16"
                  x="0"
                  y="0"
                >
                  <rect
                    fill="#C81420"
                    height="16"
                    transform="translate(-2.752618452452339 -2.6325616818687707) rotate(385.9 8 8)"
                    width="16"
                    x="0"
                    y="0"
                  />
                  <rect
                    fill="#E9F500"
                    height="16"
                    transform="translate(5.337234703363199 6.214964079596694) rotate(184.5 8 8)"
                    width="16"
                    x="0"
                    y="0"
                  />
                  <rect
                    fill="#FAB300"
                    height="16"
                    transform="translate(0.9077275996181156 -13.015140953188144) rotate(431.3 8 8)"
                    width="16"
                    x="0"
                    y="0"
                  />
                </svg>
              </div>
            </div>
          </div>
          <p
            class="mm-box mm-text mm-text--body-md mm-box--margin-left-2 mm-box--color-inherit"
            data-testid="confirm-info-row-display-name"
          >
            0x2e0D7...5d09B
          </p>
        </div>
      </div>
    </div>
    <div
      style="height: 1px; margin-left: -8px; margin-right: -8px;"
    />
    <div
      class="mm-box confirm-info-row mm-box--margin-top-2 mm-box--margin-bottom-2 mm-box--padding-right-2 mm-box--padding-left-2 mm-box--display-flex mm-box--flex-direction-row mm-box--flex-wrap-wrap mm-box--justify-content-space-between mm-box--align-items-center mm-box--color-text-default mm-box--rounded-lg"
      data-testid="transaction-details-origin-row"
      style="overflow-wrap: anywhere; min-height: 24px; position: relative; background: transparent;"
    >
      <div
        class="mm-box mm-box--display-flex mm-box--flex-direction-row mm-box--justify-content-center mm-box--align-items-flex-start mm-box--color-text-default"
      >
        <div
          class="mm-box mm-box--display-flex mm-box--align-items-center"
        >
          <p
            class="mm-box mm-text mm-text--body-md-medium mm-box--color-inherit"
          >
            Request from
          </p>
          <div>
            <div
              aria-describedby="tippy-tooltip-3"
              class=""
              data-original-title="This is the site asking for your confirmation."
              data-tooltipped=""
              style="display: flex;"
              tabindex="0"
            >
              <span
                class="mm-box mm-icon mm-icon--size-sm mm-box--margin-left-1 mm-box--display-inline-block mm-box--color-icon-muted"
                data-testid="transaction-details-origin-row-tooltip"
                style="mask-image: url('./images/icons/question.svg');"
              />
            </div>
          </div>
        </div>
      </div>
      <div
        class="mm-box mm-box--display-flex mm-box--gap-2 mm-box--flex-wrap-wrap mm-box--align-items-center"
      >
        <p
          class="mm-box mm-text mm-text--body-md mm-box--color-inherit"
        >
          metamask.github.io
        </p>
      </div>
    </div>
    <div
      class="mm-box confirm-info-row mm-box--margin-top-2 mm-box--margin-bottom-2 mm-box--padding-right-2 mm-box--padding-left-2 mm-box--display-flex mm-box--flex-direction-row mm-box--flex-wrap-wrap mm-box--justify-content-space-between mm-box--align-items-center mm-box--color-text-default mm-box--rounded-lg"
      data-testid="transaction-details-recipient-row"
      style="overflow-wrap: anywhere; min-height: 24px; position: relative;"
    >
      <div
        class="mm-box mm-box--display-flex mm-box--flex-direction-row mm-box--justify-content-center mm-box--align-items-flex-start"
      >
        <div
          class="mm-box mm-box--display-flex mm-box--align-items-center"
        >
          <p
            class="mm-box mm-text mm-text--body-md-medium mm-box--color-inherit"
          >
            Interacting with
          </p>
          <div>
            <div
              aria-describedby="tippy-tooltip-4"
              class=""
              data-original-title="This is the contract you're interacting with. Protect yourself from scammers by verifying the details."
              data-tooltipped=""
              style="display: flex;"
              tabindex="0"
            >
              <span
                class="mm-box mm-icon mm-icon--size-sm mm-box--margin-left-1 mm-box--display-inline-block mm-box--color-icon-muted"
                data-testid="transaction-details-recipient-row-tooltip"
                style="mask-image: url('./images/icons/question.svg');"
              />
            </div>
          </div>
        </div>
      </div>
      <div
        class="mm-box mm-box--display-flex mm-box--flex-direction-row mm-box--align-items-center"
      >
        <div
          class="mm-box mm-box--display-flex mm-box--flex-direction-row mm-box--align-items-center"
        >
          <div
            class="mm-box mm-text mm-avatar-base mm-avatar-base--size-xs mm-avatar-account mm-text--body-xs mm-text--text-transform-uppercase mm-box--display-flex mm-box--justify-content-center mm-box--align-items-center mm-box--color-text-default mm-box--background-color-background-alternative mm-box--rounded-full mm-box--border-color-transparent box--border-style-solid box--border-width-1"
          >
            <div
              class="mm-avatar-account__jazzicon"
            >
              <div
                style="border-radius: 50px; overflow: hidden; padding: 0px; margin: 0px; width: 16px; height: 16px; display: inline-block; background: rgb(1, 142, 119);"
              >
                <svg
                  height="16"
                  width="16"
                  x="0"
                  y="0"
                >
                  <rect
                    fill="#FB188D"
                    height="16"
                    transform="translate(-0.03888059901998558 -0.3611719722869608) rotate(292.9 8 8)"
                    width="16"
                    x="0"
                    y="0"
                  />
                  <rect
                    fill="#F90E01"
                    height="16"
                    transform="translate(6.546320180202683 5.992209110554258) rotate(106.5 8 8)"
                    width="16"
                    x="0"
                    y="0"
                  />
                  <rect
                    fill="#F26E02"
                    height="16"
                    transform="translate(8.96370841230271 -9.40372192765907) rotate(416.7 8 8)"
                    width="16"
                    x="0"
                    y="0"
                  />
                </svg>
              </div>
            </div>
          </div>
          <p
            class="mm-box mm-text mm-text--body-md mm-box--margin-left-2 mm-box--color-inherit"
            data-testid="confirm-info-row-display-name"
          >
            0x07614...3ad68
          </p>
        </div>
      </div>
    </div>
  </div>
  <div
    class="mm-box mm-box--margin-bottom-4 mm-box--padding-2 mm-box--background-color-background-default mm-box--rounded-md"
    data-testid="confirmation__approve-spending-cap-section"
  >
    <div
      class="mm-box confirm-info-row mm-box--margin-top-2 mm-box--margin-bottom-2 mm-box--padding-right-2 mm-box--padding-left-2 mm-box--display-flex mm-box--flex-direction-row mm-box--flex-wrap-wrap mm-box--justify-content-space-between mm-box--align-items-center mm-box--color-text-default mm-box--rounded-lg"
      style="overflow-wrap: anywhere; min-height: 24px; position: relative;"
    >
      <div
        class="mm-box mm-box--display-flex mm-box--flex-direction-row mm-box--justify-content-center mm-box--align-items-flex-start"
      >
        <div
          class="mm-box mm-box--display-flex mm-box--align-items-center"
        >
          <p
            class="mm-box mm-text mm-text--body-md-medium mm-box--color-inherit"
          >
            Account balance
          </p>
        </div>
      </div>
      <div
        class="mm-box mm-box--display-flex mm-box--gap-2 mm-box--flex-wrap-wrap mm-box--align-items-center mm-box--min-width-0"
      >
        <p
          class="mm-box mm-text mm-text--body-md mm-box--color-inherit"
          style="white-space: pre-wrap;"
        >
          0 
        </p>
      </div>
    </div>
    <div
      style="height: 1px; margin-left: -8px; margin-right: -8px;"
    />
    <div
      class="mm-box confirm-info-row mm-box--margin-top-2 mm-box--margin-bottom-2 mm-box--padding-right-2 mm-box--padding-left-2 mm-box--display-flex mm-box--flex-direction-row mm-box--flex-wrap-wrap mm-box--justify-content-space-between mm-box--align-items-center mm-box--color-text-default mm-box--rounded-lg"
      data-testid="confirmation__approve-spending-cap-group"
      style="overflow-wrap: anywhere; min-height: 24px; position: relative;"
    >
      <div
        class="mm-box mm-box--display-flex mm-box--flex-direction-row mm-box--justify-content-center mm-box--align-items-flex-start"
      >
        <div
          class="mm-box mm-box--display-flex mm-box--align-items-center"
        >
          <p
            class="mm-box mm-text mm-text--body-md-medium mm-box--color-inherit"
          >
            Spending cap
          </p>
          <div>
            <div
              aria-describedby="tippy-tooltip-5"
              class=""
              data-original-title="This is the amount of tokens the spender will be able to access on your behalf."
              data-tooltipped=""
              style="display: flex;"
              tabindex="0"
            >
              <span
                class="mm-box mm-icon mm-icon--size-sm mm-box--margin-left-1 mm-box--display-inline-block mm-box--color-icon-muted"
                data-testid="confirmation__approve-spending-cap-group-tooltip"
                style="mask-image: url('./images/icons/question.svg');"
              />
            </div>
          </div>
        </div>
      </div>
      <div
        class="mm-box mm-box--display-flex mm-box--gap-2 mm-box--flex-wrap-wrap mm-box--align-items-center mm-box--min-width-0"
      >
        <p
          class="mm-box mm-text mm-text--body-md mm-box--color-inherit"
          style="white-space: pre-wrap;"
        >
          1000 
        </p>
        <button
          aria-label="Edit"
          class="mm-box mm-button-icon mm-button-icon--size-sm edit-spending-cap-btn mm-box--display-inline-flex mm-box--justify-content-center mm-box--align-items-center mm-box--color-primary-default mm-box--background-color-transparent mm-box--rounded-lg"
          data-testid="edit-spending-cap-icon"
          style="margin-left: -4px;"
        >
          <span
            class="mm-box mm-icon mm-icon--size-sm mm-box--display-inline-block mm-box--color-inherit"
            style="mask-image: url('./images/icons/edit.svg');"
          />
        </button>
      </div>
    </div>
  </div>
  <div
    class="mm-box mm-box--margin-bottom-4 mm-box--padding-2 mm-box--background-color-background-default mm-box--rounded-md"
    data-testid="gas-fee-section"
  >
    <div
      class="mm-box confirm-info-row mm-box--margin-top-2 mm-box--margin-bottom-2 mm-box--padding-right-2 mm-box--padding-left-2 mm-box--display-flex mm-box--flex-direction-row mm-box--flex-wrap-wrap mm-box--justify-content-space-between mm-box--align-items-center mm-box--color-text-default mm-box--rounded-lg"
      data-testid="edit-gas-fees-row"
      style="overflow-wrap: anywhere; min-height: 24px; position: relative; background: transparent;"
    >
      <div
        class="mm-box mm-box--display-flex mm-box--flex-direction-row mm-box--justify-content-center mm-box--align-items-flex-start mm-box--color-text-default"
      >
        <div
          class="mm-box mm-box--display-flex mm-box--align-items-center"
        >
          <p
            class="mm-box mm-text mm-text--body-md-medium mm-box--color-inherit"
          >
            Network fee
          </p>
          <div>
            <div
              aria-describedby="tippy-tooltip-6"
              class=""
              data-original-title="Amount paid to process the transaction on network."
              data-tooltipped=""
              style="display: flex;"
              tabindex="0"
            >
              <span
                class="mm-box mm-icon mm-icon--size-sm mm-box--margin-left-1 mm-box--display-inline-block mm-box--color-icon-muted"
                data-testid="edit-gas-fees-row-tooltip"
                style="mask-image: url('./images/icons/question.svg');"
              />
            </div>
          </div>
        </div>
      </div>
      <div
        class="mm-box mm-box--display-flex mm-box--flex-direction-row mm-box--justify-content-space-between mm-box--align-items-center mm-box--text-align-center"
      >
        <p
          class="mm-box mm-text mm-text--body-md mm-box--margin-right-1 mm-box--color-text-default"
          data-testid="first-gas-field"
        >
          0.0001 ETH
        </p>
        <p
          class="mm-box mm-text mm-text--body-md mm-box--margin-right-2 mm-box--color-text-alternative"
          data-testid="native-currency"
        >
          $0.04
        </p>
        <button
          class="mm-box mm-text mm-button-base mm-button-base--size-sm mm-button-link mm-text--body-md-medium mm-box--padding-0 mm-box--padding-right-0 mm-box--padding-left-0 mm-box--display-inline-flex mm-box--justify-content-center mm-box--align-items-center mm-box--color-primary-default mm-box--background-color-transparent"
          data-testid="edit-gas-fee-icon"
          style="text-decoration: none;"
        >
          <span
            class="mm-box mm-icon mm-icon--size-sm mm-box--margin-inline-end-1 mm-box--display-inline-block mm-box--color-inherit"
            style="mask-image: url('./images/icons/edit.svg');"
          />
          <span
            class="mm-box mm-text mm-text--inherit mm-box--color-primary-default"
          />
        </button>
      </div>
    </div>
    <div
      class="mm-box confirm-info-row mm-box--margin-top-2 mm-box--margin-bottom-2 mm-box--padding-right-2 mm-box--padding-left-2 mm-box--display-flex mm-box--flex-direction-row mm-box--flex-wrap-wrap mm-box--justify-content-space-between mm-box--align-items-center mm-box--color-text-default mm-box--rounded-lg"
      data-testid="gas-fee-details-speed"
      style="overflow-wrap: anywhere; min-height: 24px; position: relative; background: transparent;"
    >
      <div
        class="mm-box mm-box--display-flex mm-box--flex-direction-row mm-box--justify-content-center mm-box--align-items-flex-start mm-box--color-text-default"
      >
        <div
          class="mm-box mm-box--display-flex mm-box--align-items-center"
        >
          <p
            class="mm-box mm-text mm-text--body-md-medium mm-box--color-inherit"
          >
            Speed
          </p>
        </div>
      </div>
      <div
        class="mm-box mm-box--display-flex mm-box--align-items-center"
      >
        <div
          class="mm-box mm-box--display-flex mm-box--flex-wrap-wrap"
        >
          <p
            class="mm-box mm-text mm-text--body-md mm-box--padding-inline-end-1 mm-box--color-text-alternative"
          >
            🦊 Market
          </p>
          <p
            class="mm-box mm-text mm-text--body-md mm-box--color-text-default"
          >
            <span
              data-testid="gas-timing-time"
            >
              ~
              0 sec
            </span>
          </p>
        </div>
      </div>
    </div>
    <div
      class="mm-box confirm-info-row mm-box--margin-top-2 mm-box--margin-bottom-2 mm-box--padding-right-2 mm-box--padding-left-2 mm-box--display-flex mm-box--flex-direction-row mm-box--flex-wrap-wrap mm-box--justify-content-space-between mm-box--align-items-center mm-box--color-text-default mm-box--rounded-lg"
      data-testid="gas-fee-details-max-fee"
      style="overflow-wrap: anywhere; min-height: 24px; position: relative;"
    >
      <div
        class="mm-box mm-box--display-flex mm-box--flex-direction-row mm-box--justify-content-center mm-box--align-items-flex-start"
      >
        <div
          class="mm-box mm-box--display-flex mm-box--align-items-center"
        >
          <p
            class="mm-box mm-text mm-text--body-md-medium mm-box--color-inherit"
          >
            Max fee
          </p>
          <div>
            <div
              aria-describedby="tippy-tooltip-7"
              class=""
              data-original-title="A maximum fee provided to pay for the transaction."
              data-tooltipped=""
              style="display: flex;"
              tabindex="0"
            >
              <span
                class="mm-box mm-icon mm-icon--size-sm mm-box--margin-left-1 mm-box--display-inline-block mm-box--color-icon-muted"
                data-testid="gas-fee-details-max-fee-tooltip"
                style="mask-image: url('./images/icons/question.svg');"
              />
            </div>
          </div>
        </div>
      </div>
      <div
        class="mm-box mm-box--margin-left-8 mm-box--display-flex mm-box--flex-direction-row mm-box--justify-content-space-between mm-box--align-items-center mm-box--text-align-center"
      >
        <p
          class="mm-box mm-text mm-text--body-md mm-box--margin-right-1 mm-box--color-text-default"
        >
          0.0011 ETH
        </p>
        <p
          class="mm-box mm-text mm-text--body-md mm-box--color-text-alternative"
        >
          $0.60
        </p>
      </div>
    </div>
  </div>
  <div
    class="mm-box mm-box--margin-bottom-4 mm-box--padding-2 mm-box--background-color-background-default mm-box--rounded-md"
    data-testid="advanced-details-nonce-section"
  >
    <div
      class="mm-box confirm-info-row mm-box--margin-top-2 mm-box--margin-bottom-2 mm-box--padding-right-2 mm-box--padding-left-2 mm-box--display-flex mm-box--flex-direction-row mm-box--flex-wrap-wrap mm-box--justify-content-space-between mm-box--align-items-center mm-box--color-text-default mm-box--rounded-lg"
      style="overflow-wrap: anywhere; min-height: 24px; position: relative;"
    >
      <div
        class="mm-box mm-box--display-flex mm-box--flex-direction-row mm-box--justify-content-center mm-box--align-items-flex-start"
      >
        <div
          class="mm-box mm-box--display-flex mm-box--align-items-center"
        >
          <p
            class="mm-box mm-text mm-text--body-md-medium mm-box--color-inherit"
          >
            Nonce
          </p>
          <div>
            <div
              aria-describedby="tippy-tooltip-8"
              class=""
              data-original-title="This is the transaction number of an account. Nonce for the first transaction is 0 and it increases in sequential order."
              data-tooltipped=""
              style="display: flex;"
              tabindex="0"
            >
              <span
                class="mm-box mm-icon mm-icon--size-sm mm-box--margin-left-1 mm-box--display-inline-block mm-box--color-icon-muted"
                style="mask-image: url('./images/icons/question.svg');"
              />
            </div>
          </div>
        </div>
      </div>
      <div
        class="mm-box mm-box--display-flex mm-box--gap-2 mm-box--flex-wrap-wrap mm-box--align-items-center mm-box--min-width-0"
        data-testid="advanced-details-displayed-nonce"
      >
        <p
          class="mm-box mm-text mm-text--body-md mm-box--color-inherit"
          style="white-space: pre-wrap;"
        >
          undefined
        </p>
      </div>
    </div>
  </div>
  <div
    class="mm-box mm-box--margin-bottom-4 mm-box--padding-2 mm-box--background-color-background-default mm-box--rounded-md"
    data-testid="advanced-details-data-section"
  >
    <div
      class="mm-box confirm-info-row mm-box--margin-top-2 mm-box--margin-bottom-2 mm-box--padding-right-5 mm-box--padding-left-2 mm-box--display-flex mm-box--flex-direction-row mm-box--flex-wrap-wrap mm-box--justify-content-space-between mm-box--align-items-center mm-box--color-text-default mm-box--rounded-lg"
      style="overflow-wrap: anywhere; min-height: 24px; position: relative;"
    >
      <button
        aria-label="copy-button"
        class="mm-box mm-button-icon mm-button-icon--size-sm mm-box--display-inline-flex mm-box--justify-content-center mm-box--align-items-center mm-box--color-icon-muted mm-box--background-color-transparent mm-box--rounded-lg"
        style="cursor: pointer; position: absolute; right: 4px; top: 4px;"
      >
        <span
          class="mm-box mm-icon mm-icon--size-sm mm-box--display-inline-block mm-box--color-inherit"
          style="mask-image: url('./images/icons/copy.svg');"
        />
      </button>
      <div
        class="mm-box mm-box--display-flex mm-box--flex-direction-row mm-box--justify-content-center mm-box--align-items-flex-start"
      >
        <div
          class="mm-box mm-box--display-flex mm-box--align-items-center"
        >
          <p
            class="mm-box mm-text mm-text--body-md-medium mm-box--color-inherit"
          >
            Data
          </p>
        </div>
      </div>
      <div
        class="mm-box"
      />
    </div>
    <div
      class="mm-box confirm-info-row mm-box--margin-top-2 mm-box--margin-bottom-2 mm-box--padding-right-2 mm-box--padding-left-2 mm-box--display-flex mm-box--flex-direction-row mm-box--flex-wrap-wrap mm-box--justify-content-space-between mm-box--align-items-center mm-box--color-text-default mm-box--rounded-lg"
      data-testid="advanced-details-data-function"
      style="overflow-wrap: anywhere; min-height: 24px; position: relative;"
    >
      <div
        class="mm-box mm-box--display-flex mm-box--flex-direction-row mm-box--justify-content-center mm-box--align-items-flex-start"
      >
        <div
          class="mm-box mm-box--display-flex mm-box--align-items-center"
        >
          <p
            class="mm-box mm-text mm-text--body-md-medium mm-box--color-inherit"
          >
            Function
          </p>
        </div>
      </div>
      <div
        class="mm-box mm-box--display-flex mm-box--gap-2 mm-box--flex-wrap-wrap mm-box--align-items-center mm-box--min-width-0"
      >
        <p
          class="mm-box mm-text mm-text--body-md mm-box--color-inherit"
          style="white-space: pre-wrap;"
        />
      </div>
    </div>
    <div
      class="mm-box mm-box--padding-left-2"
    >
      <div
        class="mm-box confirm-info-row mm-box--margin-top-2 mm-box--margin-bottom-2 mm-box--padding-right-2 mm-box--padding-left-2 mm-box--display-flex mm-box--flex-direction-row mm-box--flex-wrap-wrap mm-box--justify-content-space-between mm-box--align-items-center mm-box--color-text-default mm-box--rounded-lg"
        data-testid="advanced-details-data-param-0"
        style="overflow-wrap: anywhere; min-height: 24px; position: relative;"
      >
        <div
          class="mm-box mm-box--display-flex mm-box--flex-direction-row mm-box--justify-content-center mm-box--align-items-flex-start"
        >
          <div
            class="mm-box mm-box--display-flex mm-box--align-items-center"
          >
            <p
              class="mm-box mm-text mm-text--body-md-medium mm-box--color-inherit"
            >
              Param #1
            </p>
            <div>
              <div
                aria-describedby="tippy-tooltip-9"
                class=""
                data-original-title="address"
                data-tooltipped=""
                style="display: flex;"
                tabindex="0"
              >
                <span
                  class="mm-box mm-icon mm-icon--size-sm mm-box--margin-left-1 mm-box--display-inline-block mm-box--color-icon-muted"
                  data-testid="advanced-details-data-param-0-tooltip"
                  style="mask-image: url('./images/icons/question.svg');"
                />
              </div>
            </div>
          </div>
        </div>
        <div
          class="mm-box mm-box--display-flex mm-box--flex-direction-row mm-box--align-items-center"
        >
          <div
            class="mm-box mm-box--display-flex mm-box--flex-direction-row mm-box--align-items-center"
          >
            <div
              class="mm-box mm-text mm-avatar-base mm-avatar-base--size-xs mm-avatar-account mm-text--body-xs mm-text--text-transform-uppercase mm-box--display-flex mm-box--justify-content-center mm-box--align-items-center mm-box--color-text-default mm-box--background-color-background-alternative mm-box--rounded-full mm-box--border-color-transparent box--border-style-solid box--border-width-1"
            >
              <div
                class="mm-avatar-account__jazzicon"
              >
                <div
                  style="border-radius: 50px; overflow: hidden; padding: 0px; margin: 0px; width: 16px; height: 16px; display: inline-block; background: rgb(24, 100, 242);"
                >
                  <svg
                    height="16"
                    width="16"
                    x="0"
                    y="0"
                  >
                    <rect
                      fill="#C81420"
                      height="16"
                      transform="translate(-2.752618452452339 -2.6325616818687707) rotate(385.9 8 8)"
                      width="16"
                      x="0"
                      y="0"
                    />
                    <rect
                      fill="#E9F500"
                      height="16"
                      transform="translate(5.337234703363199 6.214964079596694) rotate(184.5 8 8)"
                      width="16"
                      x="0"
                      y="0"
                    />
                    <rect
                      fill="#FAB300"
                      height="16"
                      transform="translate(0.9077275996181156 -13.015140953188144) rotate(431.3 8 8)"
                      width="16"
                      x="0"
                      y="0"
                    />
                  </svg>
                </div>
              </div>
            </div>
            <p
              class="mm-box mm-text mm-text--body-md mm-box--margin-left-2 mm-box--color-inherit"
              data-testid="confirm-info-row-display-name"
            >
              0x2e0D7...5d09B
            </p>
          </div>
        </div>
      </div>
      <div
        class="mm-box confirm-info-row mm-box--margin-top-2 mm-box--margin-bottom-2 mm-box--padding-right-2 mm-box--padding-left-2 mm-box--display-flex mm-box--flex-direction-row mm-box--flex-wrap-wrap mm-box--justify-content-space-between mm-box--align-items-center mm-box--color-text-default mm-box--rounded-lg"
        data-testid="advanced-details-data-param-1"
        style="overflow-wrap: anywhere; min-height: 24px; position: relative;"
      >
        <div
          class="mm-box mm-box--display-flex mm-box--flex-direction-row mm-box--justify-content-center mm-box--align-items-flex-start"
        >
          <div
            class="mm-box mm-box--display-flex mm-box--align-items-center"
          >
            <p
              class="mm-box mm-text mm-text--body-md-medium mm-box--color-inherit"
            >
              Param #2
            </p>
            <div>
              <div
                aria-describedby="tippy-tooltip-10"
                class=""
                data-original-title="uint256"
                data-tooltipped=""
                style="display: flex;"
                tabindex="0"
              >
                <span
                  class="mm-box mm-icon mm-icon--size-sm mm-box--margin-left-1 mm-box--display-inline-block mm-box--color-icon-muted"
                  data-testid="advanced-details-data-param-1-tooltip"
                  style="mask-image: url('./images/icons/question.svg');"
                />
              </div>
            </div>
          </div>
        </div>
        <div
          class="mm-box mm-box--display-flex mm-box--gap-2 mm-box--flex-wrap-wrap mm-box--align-items-center mm-box--min-width-0"
        >
          <p
            class="mm-box mm-text mm-text--body-md mm-box--color-inherit"
            style="white-space: pre-wrap;"
          >
            1
          </p>
        </div>
      </div>
    </div>
  </div>
</div>
`;
