// Jest Snapshot v1, https://goo.gl/fbAQLP

exports[`<SetApprovalForAllInfo /> does not render component when no transaction is in state 1`] = `<div />`;

exports[`<SetApprovalForAllInfo /> renders component for approve request 1`] = `
<div>
  <div
    class="mm-box mm-box--margin-bottom-4 mm-box--padding-2 mm-box--background-color-background-default mm-box--rounded-md"
    data-testid="confirmation__simulation_section"
  >
    <div
      class="mm-box confirm-info-row mm-box--margin-top-2 mm-box--margin-bottom-2 mm-box--padding-right-2 mm-box--padding-left-2 mm-box--display-flex mm-box--flex-direction-row mm-box--flex-wrap-wrap mm-box--justify-content-space-between mm-box--align-items-center mm-box--color-text-default mm-box--rounded-lg"
      style="overflow-wrap: anywhere; min-height: 24px; position: relative;"
    >
      <div
        class="mm-box mm-box--display-flex mm-box--flex-direction-row mm-box--justify-content-center mm-box--align-items-flex-start"
      >
        <div
          class="mm-box mm-box--display-flex mm-box--align-items-center"
        >
          <p
            class="mm-box mm-text mm-text--body-md-medium mm-box--color-inherit"
          >
            Estimated changes
          </p>
          <div>
            <div
              aria-describedby="tippy-tooltip-1"
              class=""
              data-original-title="Estimated changes are what might happen if you go through with this transaction. This is just a prediction, not a guarantee."
              data-tooltipped=""
              style="display: flex;"
              tabindex="0"
            >
              <span
                class="mm-box mm-icon mm-icon--size-sm mm-box--margin-left-1 mm-box--display-inline-block mm-box--color-icon-muted"
                style="mask-image: url('./images/icons/question.svg');"
              />
            </div>
          </div>
        </div>
      </div>
      <div
        class="mm-box mm-box--display-flex mm-box--gap-2 mm-box--flex-wrap-wrap mm-box--align-items-center mm-box--min-width-0"
      >
        <p
          class="mm-box mm-text mm-text--body-md mm-box--color-inherit"
          style="white-space: pre-wrap;"
        >
          You're giving permission for someone else to withdraw NFTs from your account.
        </p>
      </div>
    </div>
    <div
      class="mm-box confirm-info-row mm-box--margin-top-2 mm-box--margin-bottom-2 mm-box--padding-right-2 mm-box--padding-left-2 mm-box--display-flex mm-box--flex-direction-row mm-box--flex-wrap-wrap mm-box--justify-content-space-between mm-box--align-items-center mm-box--color-text-default mm-box--rounded-lg"
      style="overflow-wrap: anywhere; min-height: 24px; position: relative;"
    >
      <div
        class="mm-box mm-box--display-flex mm-box--flex-direction-row mm-box--justify-content-center mm-box--align-items-flex-start"
      >
        <div
          class="mm-box mm-box--display-flex mm-box--align-items-center"
        >
          <p
            class="mm-box mm-text mm-text--body-md-medium mm-box--color-inherit"
          >
            Withdrawing
          </p>
        </div>
      </div>
      <div
        class="mm-box"
        style="margin-left: auto; max-width: 100%;"
      >
        <div
          class="mm-box mm-box--display-flex mm-box--align-items-center"
        >
          <div
            class="mm-box mm-box--margin-inline-end-1 mm-box--display-inline mm-box--min-width-0"
          >
            <p
              class="mm-box mm-text mm-text--body-md mm-text--text-align-center mm-box--padding-inline-2 mm-box--align-items-center mm-box--color-text-default mm-box--background-color-background-alternative mm-box--rounded-xl"
              data-testid="simulation-token-value"
            >
              All
            </p>
          </div>
          <div
            class="mm-box mm-box--display-flex"
          >
            <div
              class="name name__missing"
            >
              <span
                class="mm-box name__icon mm-icon mm-icon--size-md mm-box--display-inline-block mm-box--color-inherit"
                style="mask-image: url('./images/icons/question.svg');"
              />
              <p
                class="mm-box mm-text name__value mm-text--body-md mm-box--color-text-default"
              >
                0x07614...3ad68
              </p>
            </div>
          </div>
        </div>
      </div>
    </div>
  </div>
  <div
    class="mm-box mm-box--margin-bottom-4 mm-box--padding-2 mm-box--background-color-background-default mm-box--rounded-md"
    data-testid="confirmation__approve-details"
  >
    <div
      class="mm-box confirm-info-row mm-box--margin-top-2 mm-box--margin-bottom-2 mm-box--padding-right-2 mm-box--padding-left-2 mm-box--display-flex mm-box--flex-direction-row mm-box--flex-wrap-wrap mm-box--justify-content-space-between mm-box--align-items-center mm-box--color-text-default mm-box--rounded-lg"
      data-testid="transaction-details-origin-row"
      style="overflow-wrap: anywhere; min-height: 24px; position: relative; background: transparent;"
    >
      <div
        class="mm-box mm-box--display-flex mm-box--flex-direction-row mm-box--justify-content-center mm-box--align-items-flex-start mm-box--color-text-default"
      >
        <div
          class="mm-box mm-box--display-flex mm-box--align-items-center"
        >
          <p
            class="mm-box mm-text mm-text--body-md-medium mm-box--color-inherit"
          >
            Request from
          </p>
          <div>
            <div
              aria-describedby="tippy-tooltip-2"
              class=""
              data-original-title="This is the site asking for your confirmation."
              data-tooltipped=""
              style="display: flex;"
              tabindex="0"
            >
              <span
                class="mm-box mm-icon mm-icon--size-sm mm-box--margin-left-1 mm-box--display-inline-block mm-box--color-icon-muted"
                data-testid="transaction-details-origin-row-tooltip"
                style="mask-image: url('./images/icons/question.svg');"
              />
            </div>
          </div>
        </div>
      </div>
      <div
        class="mm-box mm-box--display-flex mm-box--gap-2 mm-box--flex-wrap-wrap mm-box--align-items-center"
      >
        <p
          class="mm-box mm-text mm-text--body-md mm-box--color-inherit"
        >
          metamask.github.io
        </p>
      </div>
    </div>
  </div>
  <div
    class="mm-box mm-box--margin-bottom-4 mm-box--padding-2 mm-box--background-color-background-default mm-box--rounded-md"
    data-testid="gas-fee-section"
  >
    <div
      class="mm-box confirm-info-row mm-box--margin-top-2 mm-box--margin-bottom-2 mm-box--padding-right-2 mm-box--padding-left-2 mm-box--display-flex mm-box--flex-direction-row mm-box--flex-wrap-wrap mm-box--justify-content-space-between mm-box--align-items-center mm-box--color-text-default mm-box--rounded-lg"
      data-testid="edit-gas-fees-row"
      style="overflow-wrap: anywhere; min-height: 24px; position: relative; background: transparent;"
    >
      <div
        class="mm-box mm-box--display-flex mm-box--flex-direction-row mm-box--justify-content-center mm-box--align-items-flex-start mm-box--color-text-default"
      >
        <div
          class="mm-box mm-box--display-flex mm-box--align-items-center"
        >
          <p
            class="mm-box mm-text mm-text--body-md-medium mm-box--color-inherit"
          >
            Network fee
          </p>
          <div>
            <div
              aria-describedby="tippy-tooltip-3"
              class=""
              data-original-title="Amount paid to process the transaction on network."
              data-tooltipped=""
              style="display: flex;"
              tabindex="0"
            >
              <span
                class="mm-box mm-icon mm-icon--size-sm mm-box--margin-left-1 mm-box--display-inline-block mm-box--color-icon-muted"
                data-testid="edit-gas-fees-row-tooltip"
                style="mask-image: url('./images/icons/question.svg');"
              />
            </div>
          </div>
        </div>
      </div>
      <div
        class="mm-box mm-box--display-flex mm-box--flex-direction-row mm-box--justify-content-space-between mm-box--align-items-center mm-box--text-align-center"
      >
        <p
          class="mm-box mm-text mm-text--body-md mm-box--margin-right-1 mm-box--color-text-default"
          data-testid="first-gas-field"
        >
          0.0001 ETH
        </p>
        <p
          class="mm-box mm-text mm-text--body-md mm-box--margin-right-2 mm-box--color-text-alternative"
          data-testid="native-currency"
        >
          $0.04
        </p>
        <button
          class="mm-box mm-text mm-button-base mm-button-base--size-sm mm-button-link mm-text--body-md-medium mm-box--padding-0 mm-box--padding-right-0 mm-box--padding-left-0 mm-box--display-inline-flex mm-box--justify-content-center mm-box--align-items-center mm-box--color-primary-default mm-box--background-color-transparent"
          data-testid="edit-gas-fee-icon"
          style="text-decoration: none;"
        >
          <span
            class="mm-box mm-icon mm-icon--size-sm mm-box--margin-inline-end-1 mm-box--display-inline-block mm-box--color-inherit"
            style="mask-image: url('./images/icons/edit.svg');"
          />
          <span
            class="mm-box mm-text mm-text--inherit mm-box--color-primary-default"
          />
        </button>
      </div>
    </div>
    <div
      class="mm-box confirm-info-row mm-box--margin-top-2 mm-box--margin-bottom-2 mm-box--padding-right-2 mm-box--padding-left-2 mm-box--display-flex mm-box--flex-direction-row mm-box--flex-wrap-wrap mm-box--justify-content-space-between mm-box--align-items-center mm-box--color-text-default mm-box--rounded-lg"
      data-testid="gas-fee-details-speed"
      style="overflow-wrap: anywhere; min-height: 24px; position: relative; background: transparent;"
    >
      <div
        class="mm-box mm-box--display-flex mm-box--flex-direction-row mm-box--justify-content-center mm-box--align-items-flex-start mm-box--color-text-default"
      >
        <div
          class="mm-box mm-box--display-flex mm-box--align-items-center"
        >
          <p
            class="mm-box mm-text mm-text--body-md-medium mm-box--color-inherit"
          >
            Speed
          </p>
        </div>
      </div>
      <div
        class="mm-box mm-box--display-flex mm-box--align-items-center"
      >
        <div
          class="mm-box mm-box--display-flex mm-box--flex-wrap-wrap"
        >
          <p
            class="mm-box mm-text mm-text--body-md mm-box--padding-inline-end-1 mm-box--color-text-alternative"
          >
            🦊 Market
          </p>
          <p
            class="mm-box mm-text mm-text--body-md mm-box--color-text-default"
          >
            <span
              data-testid="gas-timing-time"
            >
              ~
              0 sec
            </span>
          </p>
        </div>
      </div>
    </div>
  </div>
</div>
`;
