// Jest Snapshot v1, https://goo.gl/fbAQLP

exports[`CustodyPage renders jwt token list when first custodian is selected, showing the jwt form and testing the sorting function 1`] = `
<ul
  class="mm-box mm-box--width-full"
>
  <div
    class="mm-box mm-box--margin-bottom-4 mm-box--padding-4 mm-box--display-flex mm-box--flex-direction-row mm-box--justify-content-space-between mm-box--align-items-center mm-box--rounded-sm mm-box--border-color-border-default box--border-style-solid box--border-width-1"
  >
    <div
      class="mm-box mm-box--display-flex mm-box--align-items-center"
    >
      <img
        alt="Saturn Custody A"
        height="32"
        src="https://saturn-custody-ui.dev.metamask-institutional.io/saturn.svg"
        width="32"
      />
      <p
        class="mm-box mm-text mm-text--body-md mm-box--margin-left-2 mm-box--color-text-default"
      >
        Saturn Custody A
      </p>
    </div>
    <button
      class="mm-box mm-text mm-button-base mm-button-base--size-sm mm-button-primary mm-text--body-md-medium mm-box--padding-0 mm-box--padding-right-4 mm-box--padding-left-4 mm-box--display-inline-flex mm-box--justify-content-center mm-box--align-items-center mm-box--color-primary-inverse mm-box--background-color-primary-default mm-box--rounded-pill"
      data-testid="custody-connect-button"
      data-theme="light"
    >
      Select
    </button>
  </div>
  <div
    class="mm-box mm-box--margin-bottom-4 mm-box--padding-4 mm-box--display-flex mm-box--flex-direction-row mm-box--justify-content-space-between mm-box--align-items-center mm-box--rounded-sm mm-box--border-color-border-default box--border-style-solid box--border-width-1"
  >
    <div
      class="mm-box mm-box--display-flex mm-box--align-items-center"
    >
      <img
        alt="Saturn Custody B"
        height="32"
        src="https://saturn-custody-ui.dev.metamask-institutional.io/saturn.svg"
        width="32"
      />
      <p
        class="mm-box mm-text mm-text--body-md mm-box--margin-left-2 mm-box--color-text-default"
      >
        Saturn Custody B
      </p>
    </div>
    <button
      class="mm-box mm-text mm-button-base mm-button-base--size-sm mm-button-primary mm-text--body-md-medium mm-box--padding-0 mm-box--padding-right-4 mm-box--padding-left-4 mm-box--display-inline-flex mm-box--justify-content-center mm-box--align-items-center mm-box--color-primary-inverse mm-box--background-color-primary-default mm-box--rounded-pill"
      data-testid="custody-connect-button"
      data-theme="light"
    >
      Select
    </button>
  </div>
  <div
    class="mm-box mm-box--margin-bottom-4 mm-box--padding-4 mm-box--display-flex mm-box--flex-direction-row mm-box--justify-content-space-between mm-box--align-items-center mm-box--rounded-sm mm-box--border-color-border-default box--border-style-solid box--border-width-1"
  >
    <div
      class="mm-box mm-box--display-flex mm-box--align-items-center"
    >
      <p
        class="mm-box mm-text mm-text--body-md mm-box--margin-left-2 mm-box--color-text-default"
      >
        Saturn Custody C
      </p>
    </div>
    <button
      class="mm-box mm-text mm-button-base mm-button-base--size-sm mm-button-primary mm-text--body-md-medium mm-box--padding-0 mm-box--padding-right-4 mm-box--padding-left-4 mm-box--display-inline-flex mm-box--justify-content-center mm-box--align-items-center mm-box--color-primary-inverse mm-box--background-color-primary-default mm-box--rounded-pill"
      data-testid="custody-connect-button"
      data-theme="light"
    >
      Select
    </button>
  </div>
</ul>
`;
