// Jest Snapshot v1, https://goo.gl/fbAQLP

exports[`Review Gator Permissions Page render renders correctly 1`] = `
<div>
  <div
    class="mm-box multichain-page multichain-page--has-app-header mm-box--display-flex mm-box--flex-direction-row mm-box--justify-content-center mm-box--width-full mm-box--height-full mm-box--background-color-background-default"
    data-testid="multichain-page"
  >
    <div
      class="mm-box multichain-page__inner-container main-container mm-box--display-flex mm-box--flex-direction-column mm-box--width-full mm-box--height-full mm-box--background-color-background-default"
      data-testid="review-gator-permissions-page"
    >
      <div
        class="mm-box mm-header-base multichain-page-header mm-box--padding-4 mm-box--display-flex mm-box--justify-content-center mm-box--align-items-center mm-box--width-full mm-box--background-color-background-default"
      >
        <div
          class="mm-box"
          style="min-width: 0px;"
        >
          <button
            aria-label="Back"
            class="inline-flex items-center justify-center p-0 h-6 w-6 rounded bg-transparent hover:bg-hover active:bg-pressed text-icon-default connections-header__start-accessory"
            color="text-icon-default"
          >
            <svg
              class="inline-block w-4 h-4 text-inherit"
              fill="currentColor"
              viewBox="0 0 24 24"
              xmlns="http://www.w3.org/2000/svg"
            >
              <path
                d="m15.112 21.886-10-10 10-10 1.775 1.775-8.225 8.224 8.225 8.226z"
              />
            </svg>
          </button>
        </div>
        <div
          class="mm-box"
        >
          <p
            class="mm-box mm-text mm-text--body-md-bold mm-text--ellipsis mm-text--text-align-center mm-box--padding-inline-start-2 mm-box--padding-inline-end-2 mm-box--display-block mm-box--color-text-default"
          >
            <h3
              class="text-default text-s-heading-md leading-s-heading-md tracking-s-heading-md md:text-l-heading-md md:leading-l-heading-md md:tracking-l-heading-md font-bold font-default text-center"
              data-testid="review-gator-permissions-page-title"
            >
              Unknown network
            </h3>
          </p>
        </div>
      </div>
      <div
        class="mm-box multichain-page-content mm-box--padding-0 mm-box--padding-top-0 mm-box--display-flex mm-box--flex-direction-column mm-box--width-full mm-box--height-full"
        style="overflow: auto;"
      >
        <div
          class="flex flex-col gap-2 justify-center p-4"
          data-testid="no-connections"
        >
          <p
            class="text-default text-s-body-md leading-s-body-md tracking-s-body-md md:text-l-body-md md:leading-l-body-md md:tracking-l-body-md font-regular font-default text-center"
          >
            Nothing to see here
          </p>
          <p
            class="text-alternative text-s-body-md leading-s-body-md tracking-s-body-md md:text-l-body-md md:leading-l-body-md md:tracking-l-body-md font-regular font-default text-center"
          >
            This is where you can see the permissions you've given to installed Snaps or connected sites.
          </p>
        </div>
      </div>
    </div>
  </div>
</div>
`;
