// Jest Snapshot v1, https://goo.gl/fbAQLP

exports[`Token Cell should match snapshot 1`] = `
<div>
  <div
    class="mm-box multichain-token-list-item mm-box--display-flex mm-box--gap-4 mm-box--flex-direction-column"
    data-testid="multichain-token-list-item"
  >
    <a
      class="mm-box multichain-token-list-item__container-cell multichain-token-list-item__container-cell--clickable mm-box--padding-top-2 mm-box--padding-right-4 mm-box--padding-bottom-2 mm-box--padding-left-4 mm-box--display-flex mm-box--flex-direction-row"
      data-testid="multichain-token-list-button"
      href="#"
    >
      <div
        class="mm-box mm-badge-wrapper multichain-token-list-item__badge mm-box--margin-right-4 mm-box--display-inline-block"
      >
        <div
          class="mm-box mm-text mm-avatar-base mm-avatar-base--size-md mm-avatar-token mm-text--body-sm mm-text--text-transform-uppercase mm-box--display-flex mm-box--justify-content-center mm-box--align-items-center mm-box--color-text-default mm-box--background-color-background-alternative mm-box--rounded-full"
        >
          <img
            alt="TEST logo"
            class="mm-avatar-token__token-image"
            src="./images/test_image.svg"
          />
        </div>
        <div
          class="mm-box mm-badge-wrapper__badge-container mm-badge-wrapper__badge-container--circular-top-right"
        >
          <div
            class="mm-box mm-text mm-avatar-base mm-avatar-base--size-xs mm-avatar-network multichain-token-list-item__badge__avatar-network mm-text--body-xs mm-text--text-transform-uppercase mm-box--display-flex mm-box--justify-content-center mm-box--align-items-center mm-box--color-text-default mm-box--background-color-background-alternative mm-box--rounded-full mm-box--border-color-transparent box--border-style-solid box--border-width-1"
          >
            ?
          </div>
        </div>
      </div>
      <div
        class="mm-box multichain-token-list-item__container-cell--text-container mm-box--display-flex mm-box--flex-direction-column mm-box--width-full"
        style="flex-grow: 1; overflow: hidden;"
      >
        <div
          class="mm-box mm-box--display-flex mm-box--gap-1 mm-box--flex-direction-row mm-box--justify-content-space-between"
        >
          <div
            class="mm-box mm-box--display-inline-block mm-box--width-1/3"
          >
            <span
              class="mm-box mm-text mm-text--body-md mm-text--font-weight-medium mm-text--ellipsis mm-box--color-text-default"
            >
              TEST
            </span>
            <div
              class="mm-box mm-box--display-flex"
            >
              <p
                class="mm-box mm-text mm-text--body-sm-medium mm-text--ellipsis mm-box--color-text-default"
                data-testid="token-increase-decrease-percentage-0xAnotherToken"
              />
            </div>
          </div>
          <div
            class="mm-box mm-box--display-flex mm-box--flex-direction-column mm-box--align-items-flex-end mm-box--width-2/3"
          >
            <p
              class="mm-box mm-text mm-text--body-md mm-text--font-weight-medium mm-text--text-align-end mm-box--width-2/3 mm-box--color-text-default"
              data-testid="multichain-token-list-item-secondary-value"
            >
              5.00
            </p>
            <p
              class="mm-box mm-text mm-text--body-sm-medium mm-text--text-align-end mm-box--color-text-alternative"
              data-testid="multichain-token-list-item-value"
            >
              5
               
              TEST
            </p>
          </div>
        </div>
        <div
          class="mm-box mm-box--display-flex mm-box--gap-1 mm-box--flex-direction-row mm-box--justify-content-space-between"
        />
      </div>
    </a>
  </div>
</div>
`;
