// Jest Snapshot v1, https://goo.gl/fbAQLP

exports[`BridgeCTAButton should render the component's initial state 1`] = `
<div>
  <button
    class="mm-box mm-text mm-button-base mm-button-base--size-md mm-button-base--disabled mm-button-primary mm-button-primary--disabled mm-text--body-md-medium mm-box--padding-0 mm-box--padding-right-4 mm-box--padding-left-4 mm-box--display-inline-flex mm-box--justify-content-center mm-box--align-items-center mm-box--color-primary-inverse mm-box--background-color-primary-default mm-box--rounded-pill"
    data-testid="bridge-cta-button"
    data-theme="light"
    disabled=""
  >
    Select token
  </button>
</div>
`;
