// Jest Snapshot v1, https://goo.gl/fbAQLP

exports[`VisitSupportDataConsentModal renders the modal correctly when open 1`] = `
<div
  class="mm-modal visit-support-data-consent-modal"
  data-testid="visit-support-data-consent-modal"
>
  <div
    aria-hidden="true"
    class="mm-box mm-modal-overlay mm-box--width-full mm-box--height-full mm-box--background-color-overlay-default"
  />
  <div
    data-focus-guard="true"
    style="width: 1px; height: 0px; padding: 0px; overflow: hidden; position: fixed; top: 1px; left: 1px;"
    tabindex="0"
  />
  <div
    data-focus-lock-disabled="false"
  >
    <div
      class="mm-box mm-modal-content mm-box--padding-top-4 mm-box--sm:padding-top-8 mm-box--md:padding-top-12 mm-box--padding-right-4 mm-box--padding-bottom-4 mm-box--sm:padding-bottom-8 mm-box--md:padding-bottom-12 mm-box--padding-left-4 mm-box--display-flex mm-box--justify-content-center mm-box--align-items-flex-start mm-box--width-screen mm-box--height-screen"
    >
      <section
        aria-modal="true"
        class="mm-box mm-modal-content__dialog mm-modal-content__dialog--size-sm mm-box--padding-top-4 mm-box--padding-bottom-4 mm-box--display-flex mm-box--flex-direction-column mm-box--width-full mm-box--background-color-background-default mm-box--rounded-lg"
        role="dialog"
      >
        <header
          class="mm-box mm-header-base mm-modal-header mm-box--padding-right-4 mm-box--padding-bottom-4 mm-box--padding-left-4 mm-box--display-flex mm-box--justify-content-space-between"
        >
          <div
            class="mm-box mm-box--width-full"
          >
            <h4
              class="mm-box mm-text mm-text--heading-sm mm-text--text-align-center mm-box--color-text-default"
            >
              Share device details with support
            </h4>
          </div>
        </header>
        <div
          class="mm-box mm-modal-body visit-support-data-consent-modal__body mm-box--padding-right-4 mm-box--padding-left-4"
        >
          <p
            class="mm-box mm-text mm-text--body-md mm-box--color-text-default"
          >
            Do you want to share your MetaMask Identifier and app version with our Support Center? This can help us better solve your problem, but is optional.
          </p>
        </div>
        <div
          class="mm-box mm-modal-footer mm-box--padding-top-4 mm-box--padding-right-4 mm-box--padding-left-4"
        >
          <div
            class="mm-box mm-box--display-flex mm-box--gap-4"
          >
            <button
              class="mm-box mm-text mm-button-base mm-button-base--size-lg mm-button-secondary mm-text--body-md-medium mm-box--padding-0 mm-box--padding-right-4 mm-box--padding-left-4 mm-box--display-inline-flex mm-box--justify-content-center mm-box--align-items-center mm-box--width-1/2 mm-box--color-primary-default mm-box--background-color-transparent mm-box--rounded-pill mm-box--border-color-primary-default box--border-style-solid box--border-width-1"
              data-testid="visit-support-data-consent-modal-reject-button"
            >
              Donâ€™t share
            </button>
            <button
              class="mm-box mm-text mm-button-base mm-button-base--size-lg mm-button-primary mm-text--body-md-medium mm-box--padding-0 mm-box--padding-right-4 mm-box--padding-left-4 mm-box--display-inline-flex mm-box--justify-content-center mm-box--align-items-center mm-box--width-1/2 mm-box--color-primary-inverse mm-box--background-color-primary-default mm-box--rounded-pill"
              data-testid="visit-support-data-consent-modal-accept-button"
              data-theme="light"
            >
              Confirm
            </button>
          </div>
          <div
            class="mm-box mm-container mm-container--max-width-sm mm-box--margin-right-auto mm-box--margin-left-auto mm-box--display-flex mm-box--gap-4 mm-box--flex-wrap-wrap mm-box--align-items-center"
          />
        </div>
      </section>
    </div>
  </div>
  <div
    data-focus-guard="true"
    style="width: 1px; height: 0px; padding: 0px; overflow: hidden; position: fixed; top: 1px; left: 1px;"
    tabindex="0"
  />
</div>
`;
