// Jest Snapshot v1, https://goo.gl/fbAQLP

exports[`BridgeQuoteCard should not render when there is a quote fetch error 1`] = `<div />`;

exports[`BridgeQuoteCard should not render when there is no quote 1`] = `<div />`;

exports[`BridgeQuoteCard should render the recommended quote 1`] = `
<div>
  <div
    class="mm-box mm-container mm-container--max-width-undefined mm-box--display-flex mm-box--gap-3 mm-box--flex-direction-column mm-box--width-full"
  >
    <div
      class="mm-box mm-container mm-container--max-width-undefined mm-box--display-flex mm-box--flex-direction-row mm-box--flex-wrap-nowrap mm-box--justify-content-space-between mm-box--align-items-center"
    >
      <div
        class="mm-box mm-container mm-container--max-width-undefined mm-box--display-flex mm-box--gap-1 mm-box--flex-direction-row mm-box--flex-wrap-nowrap mm-box--justify-content-flex-start mm-box--align-items-center"
        style="white-space: nowrap;"
      >
        <p
          class="mm-box mm-text mm-text--body-lg-medium mm-box--color-text-default"
        >
          Best price
        </p>
        <div
          class="mm-box"
        >
          <div
            class="mm-box mm-box--display-flex"
          >
            <span
              class="mm-box mm-icon mm-icon--size-sm mm-box--display-inline-block mm-box--color-icon-alternative-soft"
              style="mask-image: url('./images/icons/question.svg');"
            />
          </div>
        </div>
      </div>
      <div
        class="mm-box mm-container mm-container--max-width-undefined mm-box--display-flex mm-box--flex-direction-column mm-box--align-items-flex-end mm-box--width-full mm-box--height-full"
      >
        <a
          class="mm-box mm-text mm-text--body-md mm-box--color-primary-default"
        >
          More quotes
        </a>
      </div>
    </div>
    <div
      class="mm-box mm-container mm-container--max-width-undefined mm-box--display-flex mm-box--gap-1 mm-box--flex-direction-column mm-box--width-full"
    >
      <div
        class="mm-box mm-container mm-container--max-width-undefined mm-box--display-flex mm-box--flex-direction-row mm-box--flex-wrap-nowrap mm-box--justify-content-space-between mm-box--align-items-center"
      >
        <p
          class="mm-box mm-text mm-text--body-md-medium mm-box--color-text-alternative-soft"
        >
          Bridging
        </p>
        <div
          class="mm-box mm-container mm-container--max-width-undefined mm-box--display-flex mm-box--gap-1 mm-box--flex-direction-row mm-box--flex-wrap-nowrap mm-box--justify-content-space-between mm-box--align-items-center"
        >
          <div
            class="mm-box mm-text mm-avatar-base mm-avatar-base--size-xs mm-avatar-network mm-text--body-xs mm-text--text-transform-uppercase mm-box--display-flex mm-box--justify-content-center mm-box--align-items-center mm-box--color-text-default mm-box--background-color-transparent mm-box--rounded-md mm-box--border-color-background-default mm-box--border-width-1 box--border-style-solid"
          >
            <img
              alt="Ethereum Mainnet logo"
              class="mm-avatar-network__network-image"
              src="./images/optimism.svg"
            />
          </div>
          <p
            class="mm-box mm-text mm-text--body-md mm-box--color-text-default"
            style="white-space: nowrap;"
          >
            OP Mainnet
          </p>
          <span
            class="mm-box mm-icon mm-icon--size-xs mm-box--display-inline-block mm-box--color-inherit"
            style="mask-image: url('./images/icons/arrow-2-right.svg');"
          />
          <div
            class="mm-box mm-text mm-avatar-base mm-avatar-base--size-xs mm-avatar-network mm-text--body-xs mm-text--text-transform-uppercase mm-box--display-flex mm-box--justify-content-center mm-box--align-items-center mm-box--color-text-default mm-box--background-color-transparent mm-box--rounded-md mm-box--border-color-background-default mm-box--border-width-1 box--border-style-solid"
          >
            <img
              alt="network logo"
              class="mm-avatar-network__network-image"
              src="./images/pol-token.svg"
            />
          </div>
          <p
            class="mm-box mm-text mm-text--body-md mm-box--color-text-default"
            style="white-space: nowrap;"
          >
            Polygon
          </p>
        </div>
      </div>
      <div
        class="mm-box mm-container mm-container--max-width-undefined mm-box--display-flex mm-box--flex-direction-row mm-box--flex-wrap-nowrap mm-box--justify-content-space-between mm-box--align-items-center"
      >
        <p
          class="mm-box mm-text mm-text--body-md-medium mm-box--color-text-alternative-soft"
        >
          Network fees
        </p>
        <div
          class="mm-box mm-container mm-container--max-width-undefined mm-box--display-flex mm-box--gap-1 mm-box--flex-direction-row mm-box--flex-wrap-nowrap mm-box--justify-content-space-between mm-box--align-items-center"
        >
          <p
            class="mm-box mm-text mm-text--body-md"
          >
            $2.52
            -
            $2.52
          </p>
          <span
            class="mm-box mm-icon mm-icon--size-md mm-box--display-inline-block mm-box--color-icon-alternative-soft"
            style="mask-image: url('./images/icons/swap-vertical.svg'); cursor: pointer;"
          />
        </div>
      </div>
      <div
        class="mm-box mm-container mm-container--max-width-undefined mm-box--display-flex mm-box--flex-direction-row mm-box--flex-wrap-nowrap mm-box--justify-content-space-between mm-box--align-items-center"
      >
        <p
          class="mm-box mm-text mm-text--body-md-medium mm-box--color-text-alternative-soft"
        >
          Time
        </p>
        <p
          class="mm-box mm-text mm-text--body-md mm-box--color-text-default"
        >
          1 min
        </p>
      </div>
      <div
        class="mm-box mm-container mm-container--max-width-undefined mm-box--display-flex mm-box--gap-2 mm-box--flex-direction-row mm-box--flex-wrap-nowrap mm-box--justify-content-flex-start mm-box--align-items-center"
      >
        <p
          class="mm-box mm-text mm-text--body-md mm-box--color-text-alternative-soft"
        >
          Rate includes 0.875% fee
        </p>
        <p
          class="mm-box mm-text mm-text--body-md mm-box--color-text-alternative-soft"
        >
          Â·
        </p>
        <a
          class="mm-box mm-text mm-button-base mm-button-link mm-button-link--size-auto mm-text--body-md mm-box--padding-0 mm-box--padding-right-0 mm-box--padding-left-0 mm-box--display-inline-flex mm-box--justify-content-center mm-box--align-items-center mm-box--color-text-alternative-soft mm-box--background-color-transparent"
          href="https://consensys.io/terms-of-use/"
          rel="noopener noreferrer"
          style="text-decoration: underline;"
          target="_blank"
        >
          Terms
        </a>
      </div>
    </div>
  </div>
</div>
`;

exports[`BridgeQuoteCard should render the recommended quote while loading new quotes 1`] = `
<div>
  <div
    class="mm-box mm-container mm-container--max-width-undefined mm-box--display-flex mm-box--gap-3 mm-box--flex-direction-column mm-box--width-full"
  >
    <div
      class="mm-box mm-container mm-container--max-width-undefined mm-box--display-flex mm-box--flex-direction-row mm-box--flex-wrap-nowrap mm-box--justify-content-space-between mm-box--align-items-center"
    >
      <div
        class="mm-box mm-container mm-container--max-width-undefined mm-box--display-flex mm-box--gap-1 mm-box--flex-direction-row mm-box--flex-wrap-nowrap mm-box--justify-content-flex-start mm-box--align-items-center"
        style="white-space: nowrap;"
      >
        <p
          class="mm-box mm-text mm-text--body-lg-medium mm-box--color-text-default"
        >
          Best price
        </p>
        <div
          class="mm-box"
        >
          <div
            class="mm-box mm-box--display-flex"
          >
            <span
              class="mm-box mm-icon mm-icon--size-sm mm-box--display-inline-block mm-box--color-icon-alternative-soft"
              style="mask-image: url('./images/icons/question.svg');"
            />
          </div>
        </div>
      </div>
      <div
        class="mm-box mm-container mm-container--max-width-undefined mm-box--display-flex mm-box--flex-direction-column mm-box--align-items-flex-end mm-box--width-full mm-box--height-full"
      >
        <a
          class="mm-box mm-text mm-text--body-md mm-box--color-primary-default"
        >
          More quotes
        </a>
      </div>
    </div>
    <div
      class="mm-box mm-container mm-container--max-width-undefined mm-box--display-flex mm-box--gap-1 mm-box--flex-direction-column mm-box--width-full"
    >
      <div
        class="mm-box mm-container mm-container--max-width-undefined mm-box--display-flex mm-box--flex-direction-row mm-box--flex-wrap-nowrap mm-box--justify-content-space-between mm-box--align-items-center"
      >
        <p
          class="mm-box mm-text mm-text--body-md-medium mm-box--color-text-alternative-soft"
        >
          Bridging
        </p>
        <div
          class="mm-box mm-container mm-container--max-width-undefined mm-box--display-flex mm-box--gap-1 mm-box--flex-direction-row mm-box--flex-wrap-nowrap mm-box--justify-content-space-between mm-box--align-items-center"
        >
          <div
            class="mm-box mm-text mm-avatar-base mm-avatar-base--size-xs mm-avatar-network mm-text--body-xs mm-text--text-transform-uppercase mm-box--display-flex mm-box--justify-content-center mm-box--align-items-center mm-box--color-text-default mm-box--background-color-transparent mm-box--rounded-md mm-box--border-color-background-default mm-box--border-width-1 box--border-style-solid"
          >
            <img
              alt="Ethereum Mainnet logo"
              class="mm-avatar-network__network-image"
              src="./images/optimism.svg"
            />
          </div>
          <p
            class="mm-box mm-text mm-text--body-md mm-box--color-text-default"
            style="white-space: nowrap;"
          >
            OP Mainnet
          </p>
          <span
            class="mm-box mm-icon mm-icon--size-xs mm-box--display-inline-block mm-box--color-inherit"
            style="mask-image: url('./images/icons/arrow-2-right.svg');"
          />
          <div
            class="mm-box mm-text mm-avatar-base mm-avatar-base--size-xs mm-avatar-network mm-text--body-xs mm-text--text-transform-uppercase mm-box--display-flex mm-box--justify-content-center mm-box--align-items-center mm-box--color-text-default mm-box--background-color-transparent mm-box--rounded-md mm-box--border-color-background-default mm-box--border-width-1 box--border-style-solid"
          >
            <img
              alt="network logo"
              class="mm-avatar-network__network-image"
              src="./images/pol-token.svg"
            />
          </div>
          <p
            class="mm-box mm-text mm-text--body-md mm-box--color-text-default"
            style="white-space: nowrap;"
          >
            Polygon
          </p>
        </div>
      </div>
      <div
        class="mm-box mm-container mm-container--max-width-undefined mm-box--display-flex mm-box--flex-direction-row mm-box--flex-wrap-nowrap mm-box--justify-content-space-between mm-box--align-items-center"
      >
        <p
          class="mm-box mm-text mm-text--body-md-medium mm-box--color-text-alternative-soft"
        >
          Network fees
        </p>
        <div
          class="mm-box mm-container mm-container--max-width-undefined mm-box--display-flex mm-box--gap-1 mm-box--flex-direction-row mm-box--flex-wrap-nowrap mm-box--justify-content-space-between mm-box--align-items-center"
        >
          <p
            class="mm-box mm-text mm-text--body-md"
          >
            $2.52
            -
            $2.52
          </p>
          <span
            class="mm-box mm-icon mm-icon--size-md mm-box--display-inline-block mm-box--color-icon-alternative-soft"
            style="mask-image: url('./images/icons/swap-vertical.svg'); cursor: pointer;"
          />
        </div>
      </div>
      <div
        class="mm-box mm-container mm-container--max-width-undefined mm-box--display-flex mm-box--flex-direction-row mm-box--flex-wrap-nowrap mm-box--justify-content-space-between mm-box--align-items-center"
      >
        <p
          class="mm-box mm-text mm-text--body-md-medium mm-box--color-text-alternative-soft"
        >
          Time
        </p>
        <p
          class="mm-box mm-text mm-text--body-md mm-box--color-text-default"
        >
          1 min
        </p>
      </div>
      <div
        class="mm-box mm-container mm-container--max-width-undefined mm-box--display-flex mm-box--gap-2 mm-box--flex-direction-row mm-box--flex-wrap-nowrap mm-box--justify-content-flex-start mm-box--align-items-center"
      >
        <p
          class="mm-box mm-text mm-text--body-md mm-box--color-text-alternative-soft"
        >
          Rate includes 0.875% fee
        </p>
        <p
          class="mm-box mm-text mm-text--body-md mm-box--color-text-alternative-soft"
        >
          Â·
        </p>
        <a
          class="mm-box mm-text mm-button-base mm-button-link mm-button-link--size-auto mm-text--body-md mm-box--padding-0 mm-box--padding-right-0 mm-box--padding-left-0 mm-box--display-inline-flex mm-box--justify-content-center mm-box--align-items-center mm-box--color-text-alternative-soft mm-box--background-color-transparent"
          href="https://consensys.io/terms-of-use/"
          rel="noopener noreferrer"
          style="text-decoration: underline;"
          target="_blank"
        >
          Terms
        </a>
      </div>
    </div>
  </div>
</div>
`;
