// Jest Snapshot v1, https://goo.gl/fbAQLP

exports[`Gator Permissions Page render renders correctly 1`] = `
<div>
  <div
    class="mm-box multichain-page multichain-page--has-app-header mm-box--display-flex mm-box--flex-direction-row mm-box--justify-content-center mm-box--width-full mm-box--height-full mm-box--background-color-background-default"
    data-testid="multichain-page"
  >
    <div
      class="mm-box multichain-page__inner-container main-container mm-box--display-flex mm-box--flex-direction-column mm-box--width-full mm-box--height-full mm-box--background-color-background-default"
      data-testid="gator-permissions-page"
    >
      <div
        class="mm-box mm-header-base multichain-page-header mm-box--padding-4 mm-box--display-flex mm-box--justify-content-center mm-box--align-items-center mm-box--width-full mm-box--background-color-background-default"
      >
        <div
          class="mm-box"
          style="min-width: 0px;"
        >
          <button
            aria-label="Back"
            class="mm-box mm-button-icon mm-button-icon--size-sm connections-header__start-accessory mm-box--display-inline-flex mm-box--justify-content-center mm-box--align-items-center mm-box--color-icon-default mm-box--background-color-transparent mm-box--rounded-lg"
          >
            <span
              class="mm-box mm-icon mm-icon--size-sm mm-box--display-inline-block mm-box--color-inherit"
              style="mask-image: url('./images/icons/arrow-left.svg');"
            />
          </button>
        </div>
        <div
          class="mm-box"
        >
          <p
            class="mm-box mm-text mm-text--body-md-bold mm-text--ellipsis mm-text--text-align-center mm-box--padding-inline-start-2 mm-box--padding-inline-end-2 mm-box--display-block mm-box--color-text-default"
          >
            <span
              class="mm-box mm-text mm-text--heading-md mm-text--text-align-center mm-box--color-text-default"
              data-testid="gator-permissions-page-title"
            >
              Permissions
            </span>
          </p>
        </div>
      </div>
      <div
        class="mm-box multichain-page-content mm-box--padding-0 mm-box--padding-top-0 mm-box--display-flex mm-box--flex-direction-column mm-box--width-full mm-box--height-full"
        style="overflow: auto;"
      >
        <div
          class="mm-box"
        />
        <div
          class="mm-box mm-box--padding-4 mm-box--display-flex mm-box--gap-4 mm-box--flex-direction-column mm-box--align-items-baseline mm-box--width-full mm-box--background-color-background-default"
          data-testid="permission-list"
        >
          <div
            class="mm-box mm-box--margin-top-4 mm-box--padding-2 mm-box--sm:padding-4 mm-box--display-flex mm-box--flex-direction-row mm-box--align-items-center mm-box--width-full mm-box--background-color-background-default"
          >
            <p
              class="mm-box mm-text mm-text--body-md-medium mm-text--text-align-left mm-box--color-text-alternative"
            >
              ASSETS
            </p>
          </div>
          <div
            class="mm-box mm-box--width-full mm-box--background-color-background-default"
            data-testid="permission-list-item"
          >
            <button
              class="inline-flex items-center justify-center rounded-xl px-4 font-medium min-w-20 overflow-hidden relative h-12 transition-all duration-100 ease-linear active:scale-[0.97] active:ease-[cubic-bezier(0.3,0.8,0.3,1)] bg-icon-default text-primary-inverse hover:bg-icon-default-hover active:bg-icon-default-pressed focus-visible:ring-0 focus-visible:outline focus-visible:outline-2 focus-visible:outline-offset-2 focus-visible:outline-primary-default"
              role="button"
              style="width: 100%; background-color: transparent; padding: 0px;"
            >
              <div
                class="mm-box mm-box--padding-4 mm-box--display-flex mm-box--gap-4 mm-box--flex-direction-row mm-box--align-items-baseline mm-box--width-full"
              >
                <div
                  class="mm-box mm-box--display-flex mm-box--gap-2 mm-box--flex-direction-row mm-box--align-items-center"
                  style="flex: 1; align-self: center;"
                >
                  <p
                    class="mm-box mm-text mm-text--body-md mm-text--ellipsis mm-text--text-align-left mm-box--color-text-default"
                  >
                    Token transfer
                  </p>
                </div>
                <div
                  class="mm-box mm-box--display-flex mm-box--gap-2 mm-box--flex-direction-row mm-box--justify-content-flex-end mm-box--align-items-center"
                  style="flex: 1; align-self: center;"
                >
                  <span
                    class="mm-box mm-text mm-text--body-md mm-box--width-max mm-box--color-text-alternative"
                  >
                    1
                  </span>
                  <span
                    class="mm-box mm-icon mm-icon--size-sm mm-box--display-flex mm-box--color-icon-default mm-box--background-color-background-default"
                    style="mask-image: url('./images/icons/arrow-right.svg');"
                  />
                </div>
              </div>
            </button>
          </div>
        </div>
      </div>
    </div>
  </div>
</div>
`;
