// Jest Snapshot v1, https://goo.gl/fbAQLP

exports[`SwapsFooter renders the component with initial props 1`] = `
<div>
  <div
    class="swaps-footer"
  >
    <div
      class="swaps-footer__buttons"
    >
      <div
        class="page-container__footer swaps-footer__custom-page-container-footer-class"
      >
        <footer>
          <button
            class="mm-box mm-text mm-button-base mm-button-base--size-lg mm-button-base--block page-container__footer-button page-container__footer-button__cancel swaps-footer__custom-page-container-footer-button-class mm-button-secondary mm-text--body-md-medium mm-box--padding-0 mm-box--padding-right-4 mm-box--padding-left-4 mm-box--display-inline-flex mm-box--justify-content-center mm-box--align-items-center mm-box--color-primary-default mm-box--background-color-transparent mm-box--rounded-pill mm-box--border-color-primary-default box--border-style-solid box--border-width-1"
            data-testid="page-container-footer-cancel"
          >
            Back
          </button>
          <button
            class="mm-box mm-text mm-button-base mm-button-base--size-lg mm-button-base--block page-container__footer-button swaps-footer__custom-page-container-footer-button-class mm-button-primary mm-text--body-md-medium mm-box--padding-0 mm-box--padding-right-4 mm-box--padding-left-4 mm-box--display-inline-flex mm-box--justify-content-center mm-box--align-items-center mm-box--color-primary-inverse mm-box--background-color-primary-default mm-box--rounded-pill"
            data-testid="page-container-footer-next"
            data-theme="light"
          >
            submitText
          </button>
        </footer>
      </div>
    </div>
    <div
      class="swaps-footer__bottom-text"
    >
      Terms of service
    </div>
  </div>
</div>
`;
