// Jest Snapshot v1, https://goo.gl/fbAQLP

exports[`NetworkConfirmationPopover renders popular list component 1`] = `<div />`;
