// Jest Snapshot v1, https://goo.gl/fbAQLP

exports[`UserPreferencedCurrencyInput Component rendering should match snapshot 1`] = `
<div>
  <div
    class="unit-input"
  >
    <div
      class="unit-input__inputs"
    >
      <div
        class="unit-input__input-container"
        style="display: inherit;"
        title=""
      >
        <input
          class="unit-input__input"
          dir="ltr"
          min="0"
          placeholder="0"
          step="any"
          style="width: 1.5ch;"
          type="number"
          value="0"
        />
      </div>
      <div
        class="currency-input__conversion-component"
      >
        No conversion rate available
      </div>
    </div>
  </div>
</div>
`;
