// Jest Snapshot v1, https://goo.gl/fbAQLP

exports[`<EditGasIconButton /> renders component 1`] = `
<div>
  <button
    class="mm-box mm-text mm-button-base mm-button-base--size-sm mm-button-link mm-text--body-md-medium mm-box--padding-0 mm-box--padding-right-0 mm-box--padding-left-0 mm-box--display-inline-flex mm-box--justify-content-center mm-box--align-items-center mm-box--color-primary-default mm-box--background-color-transparent"
    data-testid="edit-gas-fee-icon"
    style="text-decoration: none;"
  >
    <span
      class="mm-box mm-icon mm-icon--size-sm mm-box--margin-inline-end-1 mm-box--display-inline-block mm-box--color-inherit"
      style="mask-image: url('./images/icons/edit.svg');"
    />
    <span
      class="mm-box mm-text mm-text--inherit mm-box--color-primary-default"
    />
  </button>
</div>
`;
