// Jest Snapshot v1, https://goo.gl/fbAQLP

exports[`App Header locked state matches snapshot: locked 1`] = `
<div>
  <div
    class="mm-box multichain-app-header multichain-app-header-shadow mm-box--margin-bottom-4 mm-box--display-flex mm-box--align-items-center mm-box--width-full mm-box--background-color-background-default"
  >
    <div
      class="mm-box multichain-app-header__lock-contents mm-box--padding-2 mm-box--display-flex mm-box--gap-2 mm-box--justify-content-space-between mm-box--align-items-center mm-box--width-full mm-box--background-color-background-default"
    >
      <div>
        <button
          aria-label="Network Menu Chain 5"
          class="mm-box mm-picker-network multichain-app-header__contents__network-picker mm-box--padding-right-4 mm-box--padding-left-2 mm-box--display-flex mm-box--gap-2 mm-box--align-items-center mm-box--background-color-background-alternative mm-box--rounded-pill"
          data-testid="network-display"
        >
          <div
            class="mm-box mm-text mm-avatar-base mm-avatar-base--size-xs mm-avatar-network mm-picker-network__avatar-network mm-text--body-xs mm-text--text-transform-uppercase mm-box--display-flex mm-box--justify-content-center mm-box--align-items-center mm-box--color-text-default mm-box--background-color-background-alternative mm-box--rounded-full mm-box--border-color-transparent box--border-style-solid box--border-width-1"
            role="img"
          >
            C
          </div>
          <span
            class="mm-box mm-text mm-text--body-sm mm-text--ellipsis mm-box--color-text-default"
          >
            Chain 5
          </span>
          <span
            class="mm-box mm-picker-network__arrow-down-icon mm-icon mm-icon--size-xs mm-box--margin-left-auto mm-box--display-inline-block mm-box--color-icon-default"
            style="mask-image: url('./images/icons/arrow-down.svg');"
          />
        </button>
      </div>
      <button
        class="mm-box app-header__logo-container app-header__logo-container--clickable mm-box--background-color-transparent"
        data-testid="app-header-logo"
      >
        <svg
          class="app-header__metafox-logo--horizontal"
          height="30"
          viewBox="0 0 1311 242"
          width="162"
          xmlns="http://www.w3.org/2000/svg"
        >
          <g
            fill="none"
          >
            <g
              fill="var(--color-text-default)"
              transform="translate(361 61)"
            >
              <path
                d="m796.7 60.9c-6.8-4.5-14.3-7.7-21.4-11.7-4.6-2.6-9.5-4.9-13.5-8.2-6.8-5.6-5.4-16.6 1.7-21.4 10.2-6.8 27.1-3 28.9 10.9 0 .3.3.5.6.5h15.4c.4 0 .7-.3.6-.7-.8-9.6-4.5-17.6-11.3-22.7-6.5-4.9-13.9-7.5-21.8-7.5-40.7 0-44.4 43.1-22.5 56.7 2.5 1.6 24 12.4 31.6 17.1s10 13.3 6.7 20.1c-3 6.2-10.8 10.5-18.6 10-8.5-.5-15.1-5.1-17.4-12.3-.4-1.3-.6-3.8-.6-4.9 0-.3-.3-.6-.6-.6h-16.7c-.3 0-.6.3-.6.6 0 12.1 3 18.8 11.2 24.9 7.7 5.8 16.1 8.2 24.8 8.2 22.8 0 34.6-12.9 37-26.3 2.1-13.1-1.8-24.9-13.5-32.7z"
              />
              <path
                d="m71.6 2.3h-7.4-8.1c-.3 0-.5.2-.6.4l-13.7 45.2c-.2.6-1 .6-1.2 0l-13.7-45.2c-.1-.3-.3-.4-.6-.4h-8.1-7.4-10c-.3 0-.6.3-.6.6v115.4c0 .3.3.6.6.6h16.7c.3 0 .6-.3.6-.6v-87.7c0-.7 1-.8 1.2-.2l13.8 45.5 1 3.2c.1.3.3.4.6.4h12.8c.3 0 .5-.2.6-.4l1-3.2 13.8-45.5c.2-.7 1.2-.5 1.2.2v87.7c0 .3.3.6.6.6h16.7c.3 0 .6-.3.6-.6v-115.4c0-.3-.3-.6-.6-.6z"
              />
              <path
                d="m541 2.3c-.3 0-.5.2-.6.4l-13.7 45.2c-.2.6-1 .6-1.2 0l-13.7-45.2c-.1-.3-.3-.4-.6-.4h-25.4c-.3 0-.6.3-.6.6v115.4c0 .3.3.6.6.6h16.7c.3 0 .6-.3.6-.6v-87.7c0-.7 1-.8 1.2-.2l13.8 45.5 1 3.2c.1.3.3.4.6.4h12.8c.3 0 .5-.2.6-.4l1-3.2 13.8-45.5c.2-.7 1.2-.5 1.2.2v87.7c0 .3.3.6.6.6h16.7c.3 0 .6-.3.6-.6v-115.4c0-.3-.3-.6-.6-.6z"
              />
              <path
                d="m325.6 2.3h-31.1-16.7-31.1c-.3 0-.6.3-.6.6v14.4c0 .3.3.6.6.6h30.5v100.4c0 .3.3.6.6.6h16.7c.3 0 .6-.3.6-.6v-100.4h30.5c.3 0 .6-.3.6-.6v-14.4c0-.3-.2-.6-.6-.6z"
              />
              <path
                d="m424.1 118.9h15.2c.4 0 .7-.4.6-.8l-31.4-115.8c-.1-.3-.3-.4-.6-.4h-5.8-10.2-5.8c-.3 0-.5.2-.6.4l-31.4 115.8c-.1.4.2.8.6.8h15.2c.3 0 .5-.2.6-.4l9.1-33.7c.1-.3.3-.4.6-.4h33.6c.3 0 .5.2.6.4l9.1 33.7c.1.2.4.4.6.4zm-39.9-51 12.2-45.1c.2-.6 1-.6 1.2 0l12.2 45.1c.1.4-.2.8-.6.8h-24.4c-.4 0-.7-.4-.6-.8z"
              />
              <path
                d="m683.3 118.9h15.2c.4 0 .7-.4.6-.8l-31.4-115.8c-.1-.3-.3-.4-.6-.4h-5.8-10.2-5.8c-.3 0-.5.2-.6.4l-31.4 115.8c-.1.4.2.8.6.8h15.2c.3 0 .5-.2.6-.4l9.1-33.7c.1-.3.3-.4.6-.4h33.6c.3 0 .5.2.6.4l9.1 33.7c.1.2.3.4.6.4zm-39.9-51 12.2-45.1c.2-.6 1-.6 1.2 0l12.2 45.1c.1.4-.2.8-.6.8h-24.4c-.4 0-.7-.4-.6-.8z"
              />
              <path
                d="m149.8 101.8v-35.8c0-.3.3-.6.6-.6h44.5c.3 0 .6-.3.6-.6v-14.4c0-.3-.3-.6-.6-.6h-44.5c-.3 0-.6-.3-.6-.6v-30.6c0-.3.3-.6.6-.6h50.6c.3 0 .6-.3.6-.6v-14.4c0-.3-.3-.6-.6-.6h-51.2-17.3c-.3 0-.6.3-.6.6v15 31.9 15.6 37 15.8c0 .3.3.6.6.6h17.3 53.3c.3 0 .6-.3.6-.6v-15.2c0-.3-.3-.6-.6-.6h-52.8c-.3-.1-.5-.3-.5-.7z"
              />
              <path
                d="m949.3 117.9-57.8-59.7c-.2-.2-.2-.6 0-.8l52-54c.4-.4.1-1-.4-1h-21.3c-.2 0-.3.1-.4.2l-44.1 45.8c-.4.4-1 .1-1-.4v-45c0-.3-.3-.6-.6-.6h-16.7c-.3 0-.6.3-.6.6v115.4c0 .3.3.6.6.6h16.7c.3 0 .6-.3.6-.6v-50.8c0-.5.7-.8 1-.4l50 51.6c.1.1.3.2.4.2h21.3c.4-.1.7-.8.3-1.1z"
              />
            </g>
            <g
              stroke-linecap="round"
              stroke-linejoin="round"
              transform="translate(1 1)"
            >
              <path
                d="m246.1.2-101.1 75 18.8-44.2z"
                fill="#e17726"
                stroke="#e17726"
              />
              <g
                fill="#e27625"
                stroke="#e27625"
                transform="translate(2)"
              >
                <path
                  d="m10.9.2 100.2 75.7-17.9-44.9z"
                />
                <path
                  d="m207.7 174.1-26.9 41.2 57.6 15.9 16.5-56.2z"
                />
                <path
                  d="m.2 175 16.4 56.2 57.5-15.9-26.8-41.2z"
                />
                <path
                  d="m71 104.5-16 24.2 57 2.6-1.9-61.5z"
                />
                <path
                  d="m184 104.5-39.7-35.4-1.3 62.2 57-2.6z"
                />
                <path
                  d="m74.1 215.3 34.5-16.7-29.7-23.2z"
                />
                <path
                  d="m146.4 198.6 34.4 16.7-4.7-39.9z"
                />
              </g>
              <g
                fill="#d5bfb2"
                stroke="#d5bfb2"
                transform="translate(76 198)"
              >
                <path
                  d="m106.8 17.3-34.4-16.7 2.8 22.4-.3 9.5z"
                />
                <path
                  d="m.1 17.3 32 15.2-.2-9.5 2.7-22.4z"
                />
              </g>
              <path
                d="m108.7 160.6-28.6-8.4 20.2-9.3z"
                fill="#233447"
                stroke="#233447"
              />
              <path
                d="m150.3 160.6 8.4-17.7 20.3 9.3z"
                fill="#233447"
                stroke="#233447"
              />
              <g
                fill="#cc6228"
                stroke="#cc6228"
                transform="translate(49 128)"
              >
                <path
                  d="m27.1 87.3 5-41.2-31.8.9z"
                />
                <path
                  d="m128.9 46.1 4.9 41.2 26.9-40.3z"
                />
                <path
                  d="m153 .7-57 2.6 5.3 29.3 8.4-17.7 20.3 9.3z"
                />
                <path
                  d="m31.1 24.2 20.2-9.3 8.4 17.7 5.3-29.3-57-2.6z"
                />
              </g>
              <g
                fill="#e27525"
                stroke="#e27525"
                transform="translate(57 128)"
              >
                <path
                  d="m0 .7 23.9 46.7-.8-23.2z"
                />
                <path
                  d="m122 24.2-.9 23.2 23.9-46.7z"
                />
                <path
                  d="m57 3.3-5.3 29.3 6.7 34.6 1.5-45.6z"
                />
                <path
                  d="m88 3.3-2.8 18.2 1.4 45.7 6.7-34.6z"
                />
              </g>
              <path
                d="m150.3 160.6-6.7 34.6 4.8 3.4 29.7-23.2.9-23.2z"
                fill="#f5841f"
                stroke="#f5841f"
              />
              <path
                d="m80.1 152.2.8 23.2 29.7 23.2 4.8-3.4-6.7-34.6z"
                fill="#f5841f"
                stroke="#f5841f"
              />
              <path
                d="m150.9 230.5.3-9.5-2.6-2.2h-38.2l-2.5 2.2.2 9.5-32-15.2 11.2 9.2 22.7 15.7h38.9l22.8-15.7 11.1-9.2z"
                fill="#c0ac9d"
                stroke="#c0ac9d"
              />
              <path
                d="m148.4 198.6-4.8-3.4h-28.2l-4.8 3.4-2.7 22.4 2.5-2.2h38.2l2.6 2.2z"
                fill="#161616"
                stroke="#161616"
              />
              <g
                fill="#763e1a"
                stroke="#763e1a"
              >
                <path
                  d="m250.4 80.1 8.5-41.4-12.8-38.5-97.7 72.5 37.6 31.8 53.1 15.5 11.7-13.7-5.1-3.7 8.1-7.4-6.2-4.8 8.1-6.2z"
                />
                <path
                  d="m.1 38.7 8.6 41.4-5.5 4.1 8.2 6.2-6.2 4.8 8.1 7.4-5.1 3.7 11.7 13.7 53.1-15.5 37.6-31.8-97.7-72.5z"
                />
              </g>
              <g
                fill="#f5841f"
                stroke="#f5841f"
              >
                <path
                  d="m239.1 120-53.1-15.5 16 24.2-23.9 46.7 31.6-.4h47.2z"
                />
                <path
                  d="m73 104.5-53.1 15.5-17.7 55h47.1l31.6.4-23.9-46.7z"
                />
                <path
                  d="m145 131.3 3.4-58.6 15.4-41.7h-68.6l15.4 41.7 3.4 58.6 1.3 18.4.1 45.5h28.2l.1-45.5z"
                />
              </g>
            </g>
          </g>
        </svg>
        <img
          alt=""
          class="app-header__metafox-logo--icon"
          src="./images/logo/metamask-fox.svg"
        />
      </button>
    </div>
  </div>
</div>
`;

exports[`App Header unlocked state matches snapshot: unlocked 1`] = `
<div>
  <div
    class="mm-box multichain-app-header-logo mm-box--margin-2 mm-box--display-none mm-box--sm:display-flex mm-box--justify-content-center mm-box--align-items-center"
    data-testid="app-header-logo"
  >
    <button
      class="mm-box app-header__logo-container app-header__logo-container--clickable mm-box--background-color-transparent"
      data-testid="app-header-logo"
    >
      <svg
        class="app-header__metafox-logo--horizontal"
        height="30"
        viewBox="0 0 1311 242"
        width="162"
        xmlns="http://www.w3.org/2000/svg"
      >
        <g
          fill="none"
        >
          <g
            fill="var(--color-text-default)"
            transform="translate(361 61)"
          >
            <path
              d="m796.7 60.9c-6.8-4.5-14.3-7.7-21.4-11.7-4.6-2.6-9.5-4.9-13.5-8.2-6.8-5.6-5.4-16.6 1.7-21.4 10.2-6.8 27.1-3 28.9 10.9 0 .3.3.5.6.5h15.4c.4 0 .7-.3.6-.7-.8-9.6-4.5-17.6-11.3-22.7-6.5-4.9-13.9-7.5-21.8-7.5-40.7 0-44.4 43.1-22.5 56.7 2.5 1.6 24 12.4 31.6 17.1s10 13.3 6.7 20.1c-3 6.2-10.8 10.5-18.6 10-8.5-.5-15.1-5.1-17.4-12.3-.4-1.3-.6-3.8-.6-4.9 0-.3-.3-.6-.6-.6h-16.7c-.3 0-.6.3-.6.6 0 12.1 3 18.8 11.2 24.9 7.7 5.8 16.1 8.2 24.8 8.2 22.8 0 34.6-12.9 37-26.3 2.1-13.1-1.8-24.9-13.5-32.7z"
            />
            <path
              d="m71.6 2.3h-7.4-8.1c-.3 0-.5.2-.6.4l-13.7 45.2c-.2.6-1 .6-1.2 0l-13.7-45.2c-.1-.3-.3-.4-.6-.4h-8.1-7.4-10c-.3 0-.6.3-.6.6v115.4c0 .3.3.6.6.6h16.7c.3 0 .6-.3.6-.6v-87.7c0-.7 1-.8 1.2-.2l13.8 45.5 1 3.2c.1.3.3.4.6.4h12.8c.3 0 .5-.2.6-.4l1-3.2 13.8-45.5c.2-.7 1.2-.5 1.2.2v87.7c0 .3.3.6.6.6h16.7c.3 0 .6-.3.6-.6v-115.4c0-.3-.3-.6-.6-.6z"
            />
            <path
              d="m541 2.3c-.3 0-.5.2-.6.4l-13.7 45.2c-.2.6-1 .6-1.2 0l-13.7-45.2c-.1-.3-.3-.4-.6-.4h-25.4c-.3 0-.6.3-.6.6v115.4c0 .3.3.6.6.6h16.7c.3 0 .6-.3.6-.6v-87.7c0-.7 1-.8 1.2-.2l13.8 45.5 1 3.2c.1.3.3.4.6.4h12.8c.3 0 .5-.2.6-.4l1-3.2 13.8-45.5c.2-.7 1.2-.5 1.2.2v87.7c0 .3.3.6.6.6h16.7c.3 0 .6-.3.6-.6v-115.4c0-.3-.3-.6-.6-.6z"
            />
            <path
              d="m325.6 2.3h-31.1-16.7-31.1c-.3 0-.6.3-.6.6v14.4c0 .3.3.6.6.6h30.5v100.4c0 .3.3.6.6.6h16.7c.3 0 .6-.3.6-.6v-100.4h30.5c.3 0 .6-.3.6-.6v-14.4c0-.3-.2-.6-.6-.6z"
            />
            <path
              d="m424.1 118.9h15.2c.4 0 .7-.4.6-.8l-31.4-115.8c-.1-.3-.3-.4-.6-.4h-5.8-10.2-5.8c-.3 0-.5.2-.6.4l-31.4 115.8c-.1.4.2.8.6.8h15.2c.3 0 .5-.2.6-.4l9.1-33.7c.1-.3.3-.4.6-.4h33.6c.3 0 .5.2.6.4l9.1 33.7c.1.2.4.4.6.4zm-39.9-51 12.2-45.1c.2-.6 1-.6 1.2 0l12.2 45.1c.1.4-.2.8-.6.8h-24.4c-.4 0-.7-.4-.6-.8z"
            />
            <path
              d="m683.3 118.9h15.2c.4 0 .7-.4.6-.8l-31.4-115.8c-.1-.3-.3-.4-.6-.4h-5.8-10.2-5.8c-.3 0-.5.2-.6.4l-31.4 115.8c-.1.4.2.8.6.8h15.2c.3 0 .5-.2.6-.4l9.1-33.7c.1-.3.3-.4.6-.4h33.6c.3 0 .5.2.6.4l9.1 33.7c.1.2.3.4.6.4zm-39.9-51 12.2-45.1c.2-.6 1-.6 1.2 0l12.2 45.1c.1.4-.2.8-.6.8h-24.4c-.4 0-.7-.4-.6-.8z"
            />
            <path
              d="m149.8 101.8v-35.8c0-.3.3-.6.6-.6h44.5c.3 0 .6-.3.6-.6v-14.4c0-.3-.3-.6-.6-.6h-44.5c-.3 0-.6-.3-.6-.6v-30.6c0-.3.3-.6.6-.6h50.6c.3 0 .6-.3.6-.6v-14.4c0-.3-.3-.6-.6-.6h-51.2-17.3c-.3 0-.6.3-.6.6v15 31.9 15.6 37 15.8c0 .3.3.6.6.6h17.3 53.3c.3 0 .6-.3.6-.6v-15.2c0-.3-.3-.6-.6-.6h-52.8c-.3-.1-.5-.3-.5-.7z"
            />
            <path
              d="m949.3 117.9-57.8-59.7c-.2-.2-.2-.6 0-.8l52-54c.4-.4.1-1-.4-1h-21.3c-.2 0-.3.1-.4.2l-44.1 45.8c-.4.4-1 .1-1-.4v-45c0-.3-.3-.6-.6-.6h-16.7c-.3 0-.6.3-.6.6v115.4c0 .3.3.6.6.6h16.7c.3 0 .6-.3.6-.6v-50.8c0-.5.7-.8 1-.4l50 51.6c.1.1.3.2.4.2h21.3c.4-.1.7-.8.3-1.1z"
            />
          </g>
          <g
            stroke-linecap="round"
            stroke-linejoin="round"
            transform="translate(1 1)"
          >
            <path
              d="m246.1.2-101.1 75 18.8-44.2z"
              fill="#e17726"
              stroke="#e17726"
            />
            <g
              fill="#e27625"
              stroke="#e27625"
              transform="translate(2)"
            >
              <path
                d="m10.9.2 100.2 75.7-17.9-44.9z"
              />
              <path
                d="m207.7 174.1-26.9 41.2 57.6 15.9 16.5-56.2z"
              />
              <path
                d="m.2 175 16.4 56.2 57.5-15.9-26.8-41.2z"
              />
              <path
                d="m71 104.5-16 24.2 57 2.6-1.9-61.5z"
              />
              <path
                d="m184 104.5-39.7-35.4-1.3 62.2 57-2.6z"
              />
              <path
                d="m74.1 215.3 34.5-16.7-29.7-23.2z"
              />
              <path
                d="m146.4 198.6 34.4 16.7-4.7-39.9z"
              />
            </g>
            <g
              fill="#d5bfb2"
              stroke="#d5bfb2"
              transform="translate(76 198)"
            >
              <path
                d="m106.8 17.3-34.4-16.7 2.8 22.4-.3 9.5z"
              />
              <path
                d="m.1 17.3 32 15.2-.2-9.5 2.7-22.4z"
              />
            </g>
            <path
              d="m108.7 160.6-28.6-8.4 20.2-9.3z"
              fill="#233447"
              stroke="#233447"
            />
            <path
              d="m150.3 160.6 8.4-17.7 20.3 9.3z"
              fill="#233447"
              stroke="#233447"
            />
            <g
              fill="#cc6228"
              stroke="#cc6228"
              transform="translate(49 128)"
            >
              <path
                d="m27.1 87.3 5-41.2-31.8.9z"
              />
              <path
                d="m128.9 46.1 4.9 41.2 26.9-40.3z"
              />
              <path
                d="m153 .7-57 2.6 5.3 29.3 8.4-17.7 20.3 9.3z"
              />
              <path
                d="m31.1 24.2 20.2-9.3 8.4 17.7 5.3-29.3-57-2.6z"
              />
            </g>
            <g
              fill="#e27525"
              stroke="#e27525"
              transform="translate(57 128)"
            >
              <path
                d="m0 .7 23.9 46.7-.8-23.2z"
              />
              <path
                d="m122 24.2-.9 23.2 23.9-46.7z"
              />
              <path
                d="m57 3.3-5.3 29.3 6.7 34.6 1.5-45.6z"
              />
              <path
                d="m88 3.3-2.8 18.2 1.4 45.7 6.7-34.6z"
              />
            </g>
            <path
              d="m150.3 160.6-6.7 34.6 4.8 3.4 29.7-23.2.9-23.2z"
              fill="#f5841f"
              stroke="#f5841f"
            />
            <path
              d="m80.1 152.2.8 23.2 29.7 23.2 4.8-3.4-6.7-34.6z"
              fill="#f5841f"
              stroke="#f5841f"
            />
            <path
              d="m150.9 230.5.3-9.5-2.6-2.2h-38.2l-2.5 2.2.2 9.5-32-15.2 11.2 9.2 22.7 15.7h38.9l22.8-15.7 11.1-9.2z"
              fill="#c0ac9d"
              stroke="#c0ac9d"
            />
            <path
              d="m148.4 198.6-4.8-3.4h-28.2l-4.8 3.4-2.7 22.4 2.5-2.2h38.2l2.6 2.2z"
              fill="#161616"
              stroke="#161616"
            />
            <g
              fill="#763e1a"
              stroke="#763e1a"
            >
              <path
                d="m250.4 80.1 8.5-41.4-12.8-38.5-97.7 72.5 37.6 31.8 53.1 15.5 11.7-13.7-5.1-3.7 8.1-7.4-6.2-4.8 8.1-6.2z"
              />
              <path
                d="m.1 38.7 8.6 41.4-5.5 4.1 8.2 6.2-6.2 4.8 8.1 7.4-5.1 3.7 11.7 13.7 53.1-15.5 37.6-31.8-97.7-72.5z"
              />
            </g>
            <g
              fill="#f5841f"
              stroke="#f5841f"
            >
              <path
                d="m239.1 120-53.1-15.5 16 24.2-23.9 46.7 31.6-.4h47.2z"
              />
              <path
                d="m73 104.5-53.1 15.5-17.7 55h47.1l31.6.4-23.9-46.7z"
              />
              <path
                d="m145 131.3 3.4-58.6 15.4-41.7h-68.6l15.4 41.7 3.4 58.6 1.3 18.4.1 45.5h28.2l.1-45.5z"
              />
            </g>
          </g>
        </g>
      </svg>
      <img
        alt=""
        class="app-header__metafox-logo--icon"
        src="./images/logo/metamask-fox.svg"
      />
    </button>
  </div>
  <div
    class="mm-box multichain-app-header mm-box--margin-bottom-4 mm-box--display-flex mm-box--align-items-center mm-box--width-full mm-box--background-color-background-alternative"
  >
    <div
      class="mm-box multichain-app-header__contents multichain-app-header-shadow mm-box--padding-2 mm-box--padding-right-4 mm-box--padding-left-4 mm-box--gap-2 mm-box--align-items-center mm-box--width-full mm-box--background-color-background-default"
    >
      <div>
        <button
          aria-label="Network Menu Chain 5"
          class="mm-box mm-picker-network multichain-app-header__contents__network-picker mm-box--margin-2 mm-box--padding-right-4 mm-box--padding-left-2 mm-box--display-none mm-box--sm:display-flex mm-box--gap-2 mm-box--align-items-center mm-box--background-color-background-alternative mm-box--rounded-pill"
          data-testid="network-display"
          disabled=""
        >
          <div
            class="mm-box mm-text mm-avatar-base mm-avatar-base--size-xs mm-avatar-network mm-picker-network__avatar-network mm-text--body-xs mm-text--text-transform-uppercase mm-box--display-flex mm-box--justify-content-center mm-box--align-items-center mm-box--color-text-default mm-box--background-color-background-alternative mm-box--rounded-full mm-box--border-color-transparent box--border-style-solid box--border-width-1"
            role="img"
          >
            C
          </div>
          <span
            class="mm-box mm-text mm-text--body-sm mm-text--ellipsis mm-box--color-text-default"
          >
            Chain 5
          </span>
          <span
            class="mm-box mm-picker-network__arrow-down-icon mm-icon mm-icon--size-xs mm-box--margin-left-auto mm-box--display-inline-block mm-box--color-icon-default"
            style="mask-image: url('./images/icons/arrow-down.svg');"
          />
        </button>
      </div>
      <div
        class="mm-box mm-text mm-text--body-md mm-text--ellipsis mm-box--display-flex mm-box--flex-direction-column mm-box--align-items-center mm-box--color-text-default"
      >
        <button
          class="mm-box mm-text mm-button-base mm-button-base--size-sm mm-button-base--ellipsis multichain-account-picker mm-text--body-md-medium mm-text--ellipsis mm-box--padding-0 mm-box--padding-right-2 mm-box--padding-left-2 mm-box--display-inline-flex mm-box--gap-2 mm-box--justify-content-center mm-box--align-items-center mm-box--color-text-default mm-box--background-color-transparent mm-box--rounded-lg"
          data-testid="account-menu-icon"
        >
          <span
            class="mm-box mm-text mm-text--inherit mm-text--ellipsis mm-box--display-flex mm-box--gap-2 mm-box--align-items-center mm-box--color-text-default"
          >
            <div
              class="mm-box mm-text mm-avatar-base mm-avatar-base--size-xs mm-avatar-account mm-text--body-xs mm-text--text-transform-uppercase mm-box--display-flex mm-box--justify-content-center mm-box--align-items-center mm-box--color-text-default mm-box--background-color-background-alternative mm-box--rounded-full mm-box--border-color-background-default box--border-style-solid box--border-width-1"
            >
              <div
                class="mm-avatar-account__jazzicon"
              >
                <div
                  style="border-radius: 50px; overflow: hidden; padding: 0px; margin: 0px; width: 16px; height: 16px; display: inline-block; background: rgb(250, 58, 0);"
                >
                  <svg
                    height="16"
                    width="16"
                    x="0"
                    y="0"
                  >
                    <rect
                      fill="#18CDF2"
                      height="16"
                      transform="translate(-0.52419675189697 -1.6521420347302493) rotate(328.9 8 8)"
                      width="16"
                      x="0"
                      y="0"
                    />
                    <rect
                      fill="#035E56"
                      height="16"
                      transform="translate(-9.149230854416022 5.2962309358743) rotate(176.2 8 8)"
                      width="16"
                      x="0"
                      y="0"
                    />
                    <rect
                      fill="#F26602"
                      height="16"
                      transform="translate(8.333921009111961 -7.102569861498541) rotate(468.9 8 8)"
                      width="16"
                      x="0"
                      y="0"
                    />
                  </svg>
                </div>
              </div>
            </div>
            <div
              class="mm-box mm-text mm-avatar-base mm-avatar-base--size-xs mm-avatar-account mm-text--body-xs mm-text--text-transform-uppercase mm-box--display-flex mm-box--justify-content-center mm-box--align-items-center mm-box--color-text-default mm-box--background-color-background-alternative mm-box--rounded-full mm-box--border-color-background-default box--border-style-solid box--border-width-1"
            >
              <div
                class="mm-avatar-account__jazzicon"
              >
                <div
                  style="border-radius: 50px; overflow: hidden; padding: 0px; margin: 0px; width: 16px; height: 16px; display: inline-block; background: rgb(250, 58, 0);"
                >
                  <svg
                    height="16"
                    width="16"
                    x="0"
                    y="0"
                  >
                    <rect
                      fill="#18CDF2"
                      height="16"
                      transform="translate(-0.52419675189697 -1.6521420347302493) rotate(328.9 8 8)"
                      width="16"
                      x="0"
                      y="0"
                    />
                    <rect
                      fill="#035E56"
                      height="16"
                      transform="translate(-9.149230854416022 5.2962309358743) rotate(176.2 8 8)"
                      width="16"
                      x="0"
                      y="0"
                    />
                    <rect
                      fill="#F26602"
                      height="16"
                      transform="translate(8.333921009111961 -7.102569861498541) rotate(468.9 8 8)"
                      width="16"
                      x="0"
                      y="0"
                    />
                  </svg>
                </div>
              </div>
            </div>
            <span
              class="mm-box mm-text multichain-account-picker__label mm-text--body-md mm-text--font-weight-bold mm-text--ellipsis mm-box--color-text-default"
            >
              Test Account
            </span>
          </span>
          <span
            class="mm-box mm-icon mm-icon--size-sm mm-box--margin-inline-start-1 mm-box--display-inline-block mm-box--color-icon-default"
            style="mask-image: url('./images/icons/arrow-down.svg');"
          />
        </button>
        <div>
          <div
            aria-describedby="tippy-tooltip-1"
            class=""
            data-original-title="Copy to clipboard"
            data-tooltipped=""
            style="display: inline;"
            tabindex="0"
          >
            <button
              class="mm-box mm-text mm-button-base mm-button-base--size-sm mm-button-base--ellipsis multichain-app-header__address-copy-button mm-text--body-md-medium mm-text--ellipsis mm-box--padding-0 mm-box--padding-right-4 mm-box--padding-left-4 mm-box--display-inline-flex mm-box--justify-content-center mm-box--align-items-center mm-box--color-text-default mm-box--background-color-transparent mm-box--rounded-lg"
              data-testid="app-header-copy-button"
              style="height: auto;"
            >
              <span
                class="mm-box mm-text mm-text--inherit mm-text--ellipsis mm-box--display-flex mm-box--gap-2 mm-box--align-items-center mm-box--color-text-default"
              >
                <span
                  class="mm-box mm-text mm-text--body-sm mm-text--ellipsis mm-box--color-text-alternative"
                >
                  0x0DCD5...3E7bc
                </span>
              </span>
              <span
                class="mm-box mm-icon mm-icon--size-sm mm-box--margin-inline-start-1 mm-box--display-inline-block mm-box--color-icon-alternative"
                style="mask-image: url('./images/icons/copy.svg');"
              />
            </button>
          </div>
        </div>
      </div>
      <div
        class="mm-box mm-box--display-flex mm-box--justify-content-flex-end mm-box--align-items-center"
        style="margin-left: auto;"
      >
        <div
          class="mm-box mm-box--display-flex mm-box--gap-4"
        >
           
          <div
            class="mm-box mm-box--display-flex mm-box--justify-content-flex-end mm-box--width-full"
          >
            <div
              class="mm-box"
              style="position: relative;"
            >
              <div
                class="mm-box notification-list-item__unread-dot__wrapper mm-box--padding-top-0 mm-box--padding-right-0 mm-box--padding-bottom-0 mm-box--padding-left-0 mm-box--display-block mm-box--background-color-error-default mm-box--rounded-lg mm-box--border-style-none"
                style="position: absolute; cursor: pointer; top: -5px; left: 10px; z-index: 1;"
              >
                <p
                  class="mm-box mm-text notifications-tag-counter__unread-dot mm-text--body-xs mm-text--text-align-center mm-box--color-error-inverse"
                  data-testid="notifications-tag-counter__unread-dot"
                >
                  1
                </p>
              </div>
            </div>
            <button
              aria-label="Account options"
              class="mm-box mm-button-icon mm-button-icon--size-sm mm-box--display-inline-flex mm-box--justify-content-center mm-box--align-items-center mm-box--color-icon-default mm-box--background-color-transparent mm-box--rounded-lg"
              data-testid="account-options-menu-button"
            >
              <span
                class="mm-box mm-icon mm-icon--size-sm mm-box--display-inline-block mm-box--color-inherit"
                style="mask-image: url('./images/icons/more-vertical.svg');"
              />
            </button>
          </div>
        </div>
      </div>
    </div>
  </div>
</div>
`;
