// Jest Snapshot v1, https://goo.gl/fbAQLP

exports[`UpdateModal renders correctly with required props 1`] = `
<body>
  <div
    id="popover-content"
  />
  <div />
  <div
    class="mm-modal"
    data-testid="update-modal"
  >
    <div
      aria-hidden="true"
      class="mm-box mm-modal-overlay mm-box--width-full mm-box--height-full mm-box--background-color-overlay-default"
    />
    <div
      data-focus-guard="true"
      style="width: 1px; height: 0px; padding: 0px; overflow: hidden; position: fixed; top: 1px; left: 1px;"
      tabindex="0"
    />
    <div
      data-focus-lock-disabled="false"
    >
      <div
        class="mm-box mm-modal-content mm-box--padding-top-4 mm-box--sm:padding-top-8 mm-box--md:padding-top-12 mm-box--padding-right-4 mm-box--padding-bottom-4 mm-box--sm:padding-bottom-8 mm-box--md:padding-bottom-12 mm-box--padding-left-4 mm-box--display-flex mm-box--justify-content-center mm-box--align-items-flex-start mm-box--width-screen mm-box--height-screen"
      >
        <section
          aria-modal="true"
          class="mm-box mm-modal-content__dialog mm-modal-content__dialog--size-sm mm-box--padding-top-4 mm-box--padding-bottom-4 mm-box--display-flex mm-box--flex-direction-column mm-box--width-full mm-box--background-color-background-default mm-box--rounded-lg"
          role="dialog"
        >
          <header
            class="mm-box mm-header-base mm-modal-header mm-box--padding-right-4 mm-box--padding-bottom-4 mm-box--padding-left-4 mm-box--display-flex mm-box--justify-content-space-between"
          >
            <div
              class="mm-box"
            />
            <div
              class="mm-box mm-box--display-flex mm-box--justify-content-flex-end"
            >
              <button
                aria-label="close"
                class="mm-box mm-button-icon mm-button-icon--size-sm mm-box--display-inline-flex mm-box--justify-content-center mm-box--align-items-center mm-box--color-icon-default mm-box--background-color-transparent mm-box--rounded-lg"
                data-testid="update-modal-close-button"
              >
                <span
                  class="mm-box mm-icon mm-icon--size-sm mm-box--display-inline-block mm-box--color-inherit"
                  style="mask-image: url('./images/icons/close.svg');"
                />
              </button>
            </div>
          </header>
          <div
            class="mm-box mm-modal-body mm-box--padding-right-4 mm-box--padding-left-4 mm-box--display-flex mm-box--flex-direction-column"
          >
            <div
              class="mm-box mm-box--padding-10 mm-box--display-flex mm-box--justify-content-center mm-box--align-items-center mm-box--rounded-sm"
            >
              <img
                height="160"
                src="/images/logo/metamask-fox.svg"
                width="160"
              />
            </div>
            <h3
              class="mm-box mm-text mm-text--heading-md mm-text--text-align-center mm-box--color-text-default"
            >
              getTheNewestFeatures
            </h3>
            <p
              class="mm-box mm-text mm-text--body-md mm-text--text-align-center mm-box--padding-4 mm-box--padding-bottom-12 mm-box--color-text-default"
            >
              updateInformation
            </p>
          </div>
          <div
            class="mm-box mm-modal-footer mm-box--padding-top-4 mm-box--padding-right-4 mm-box--padding-left-4"
          >
            <div
              class="mm-box mm-container mm-container--max-width-sm mm-box--margin-right-auto mm-box--margin-left-auto mm-box--display-flex mm-box--gap-4 mm-box--flex-wrap-wrap mm-box--align-items-center"
            >
              <button
                class="mm-box mm-text mm-button-base mm-button-base--size-lg mm-button-base--block mm-modal-footer__button mm-button-primary mm-text--body-md-medium mm-box--padding-0 mm-box--padding-right-4 mm-box--padding-left-4 mm-box--display-inline-flex mm-box--justify-content-center mm-box--align-items-center mm-box--color-primary-inverse mm-box--background-color-primary-default mm-box--rounded-xl"
                data-testid="update-modal-submit-button"
                data-theme="light"
              >
                updateToTheLatestVersion
              </button>
            </div>
          </div>
        </section>
      </div>
    </div>
    <div
      data-focus-guard="true"
      style="width: 1px; height: 0px; padding: 0px; overflow: hidden; position: fixed; top: 1px; left: 1px;"
      tabindex="0"
    />
  </div>
</body>
`;
