// Jest Snapshot v1, https://goo.gl/fbAQLP

exports[`MultichainConnectPage renders correctly 1`] = `
<div>
  <div
    class="mm-box multichain-page multichain-page--has-app-header mm-box--display-flex mm-box--flex-direction-row mm-box--justify-content-center mm-box--width-full mm-box--height-full mm-box--background-color-background-default"
    data-testid="multichain-page"
  >
    <div
      class="mm-box multichain-page__inner-container main-container multichain-connect-page mm-box--display-flex mm-box--flex-direction-column mm-box--width-full mm-box--height-full mm-box--background-color-background-default"
      data-testid="connect-page"
    >
      <div
        class="mm-box mm-header-base multichain-page-header mm-box--padding-4 mm-box--padding-top-8 mm-box--padding-bottom-0 mm-box--display-flex mm-box--justify-content-center mm-box--width-full"
      >
        <div
          class="mm-box"
        >
          <p
            class="mm-box mm-text mm-text--body-md-bold mm-text--ellipsis mm-text--text-align-center mm-box--padding-inline-start-8 mm-box--padding-inline-end-8 mm-box--display-block mm-box--color-text-default"
          >
            <div
              class="mm-box mm-box--margin-bottom-8 mm-box--display-flex mm-box--justify-content-center"
            >
              <div
                class="mm-box"
                style="filter: blur(16px) brightness(1.1); position: absolute;"
              >
                <div
                  class="mm-box mm-text mm-avatar-base mm-avatar-base--size-xl mm-avatar-favicon mm-text--body-lg-medium mm-text--text-transform-uppercase mm-box--display-flex mm-box--justify-content-center mm-box--align-items-center mm-box--color-text-default mm-box--background-color-background-muted mm-box--rounded-full mm-box--border-color-transparent box--border-style-solid box--border-width-1"
                >
                  <img
                    alt="metamask.github.io logo"
                    class="mm-avatar-favicon__image"
                    src="https://metamask.github.io/test-dapp/metamask-fox.svg"
                  />
                </div>
              </div>
              <div
                class="mm-box mm-text mm-avatar-base mm-avatar-base--size-lg mm-avatar-favicon mm-text--body-lg-medium mm-text--text-transform-uppercase mm-box--display-flex mm-box--justify-content-center mm-box--align-items-center mm-box--color-text-default mm-box--background-color-background-muted mm-box--rounded-full mm-box--border-color-transparent box--border-style-solid box--border-width-1"
                style="z-index: 1; background: transparent;"
              >
                <img
                  alt="metamask.github.io logo"
                  class="mm-avatar-favicon__image"
                  src="https://metamask.github.io/test-dapp/metamask-fox.svg"
                />
              </div>
            </div>
            <h2
              class="mm-box mm-text mm-text--heading-lg mm-box--margin-bottom-1 mm-box--color-text-default"
            >
              metamask.github.io
            </h2>
            <div
              class="mm-box mm-box--display-flex mm-box--justify-content-center"
            >
              <p
                class="mm-box mm-text mm-text--body-md mm-box--color-text-alternative"
              >
                Connect this website with MetaMask
              </p>
            </div>
          </p>
        </div>
      </div>
      <div
        class="mm-box multichain-page-content mm-box--padding-4 mm-box--padding-right-4 mm-box--padding-left-4 mm-box--display-flex mm-box--flex-direction-column mm-box--width-full mm-box--height-full mm-box--background-color-transparent"
        style="overflow: auto;"
      >
        <div
          class="bg-transparent tabs transform-gpu"
        >
          <div
            class="flex flex-row gap-4 justify-center bg-transparent"
            role="tablist"
          >
            <button
              aria-disabled="false"
              aria-selected="true"
              class="text-s-body-md leading-s-body-md tracking-s-body-md md:text-l-body-md md:leading-l-body-md md:tracking-l-body-md font-medium font-default text-center flex align-middle justify-center border-b-2 border-transparent px-0 py-1 transition-all duration-200 cubic-bezier(0.7, 0, 0.15, 1) hover:enabled:text-default text-default border-b-text-default multichain-connect-page__tab"
              data-testid="accounts-tab"
              role="tab"
              tabindex="0"
            >
              Accounts
            </button>
            <button
              aria-disabled="false"
              aria-selected="false"
              class="text-alternative text-s-body-md leading-s-body-md tracking-s-body-md md:text-l-body-md md:leading-l-body-md md:tracking-l-body-md font-medium font-default text-center flex align-middle justify-center border-b-2 border-transparent px-0 py-1 transition-all duration-200 cubic-bezier(0.7, 0, 0.15, 1) hover:enabled:text-default multichain-connect-page__tab"
              data-testid="permissions-tab"
              role="tab"
              tabindex="-1"
            >
              Permissions
            </button>
          </div>
          <div
            class=""
            role="tabpanel"
          >
            <div
              class="mm-box mm-box--margin-top-4"
            >
              <div
                class="mm-box mm-box--background-color-background-default mm-box--rounded-xl"
              >
                <div
                  class="mm-box multichain-account-cell mm-box--padding-4 mm-box--display-flex mm-box--justify-content-space-between mm-box--align-items-center"
                  data-testid="multichain-account-cell-entropy:01JKAF3DSGM3AB87EM9N0K41AJ/0"
                  style="cursor: default;"
                >
                  <div
                    class="mm-box mm-box--display-flex mm-box--justify-content-flex-start mm-box--align-items-center"
                    style="min-width: 0; flex: 1;"
                  >
                    <div
                      class="mm-box multichain-account-cell__account-avatar mm-box--display-flex mm-box--justify-content-center mm-box--align-items-center mm-box--rounded-xl mm-box--border-color-transparent box--border-style-solid box--border-width-1"
                    >
                      <div
                        class="inline-flex shrink-0 items-center justify-center overflow-hidden bg-section rounded-lg h-8 w-8"
                      >
                        <div
                          class="flex [&>div]:!rounded-none"
                        >
                          <div
                            style="border-radius: 50px; overflow: hidden; padding: 0px; margin: 0px; width: 32px; height: 32px; display: inline-block; background: rgb(3, 94, 89);"
                          >
                            <svg
                              height="32"
                              width="32"
                              x="0"
                              y="0"
                            >
                              <rect
                                fill="#FB188D"
                                height="32"
                                transform="translate(-1.10425413395151 -2.28627085338780) rotate(359.4 16.00000000000000 16.00000000000000)"
                                width="32"
                                x="0"
                                y="0"
                              />
                              <rect
                                fill="#018E77"
                                height="32"
                                transform="translate(-14.91284386081665 10.85511085677637) rotate(246.0 16.00000000000000 16.00000000000000)"
                                width="32"
                                x="0"
                                y="0"
                              />
                              <rect
                                fill="#C81471"
                                height="32"
                                transform="translate(-30.37340441878390 -6.94681861231760) rotate(324.3 16.00000000000000 16.00000000000000)"
                                width="32"
                                x="0"
                                y="0"
                              />
                            </svg>
                          </div>
                        </div>
                      </div>
                    </div>
                    <div
                      class="mm-box"
                      style="overflow: hidden;"
                    >
                      <p
                        class="mm-box mm-text multichain-account-cell__account-name mm-text--body-md-medium mm-text--ellipsis mm-box--margin-left-3 mm-box--color-text-default"
                      >
                        Test Account Group 1
                      </p>
                    </div>
                  </div>
                  <div
                    class="mm-box mm-box--display-flex mm-box--justify-content-center mm-box--align-items-center"
                    style="flex-shrink: 0;"
                  >
                    <p
                      class="mm-box mm-text multichain-account-cell__account-balance mm-text--body-md-medium mm-box--margin-right-2 mm-box--color-text-default"
                      data-testid="balance-display"
                    />
                    <div
                      aria-label="Test Account Group 1 options"
                      class="mm-box multichain-account-cell__end_accessory mm-box--display-flex mm-box--justify-content-flex-end mm-box--align-items-center"
                      data-testid="multichain-account-cell-end-accessory"
                    />
                  </div>
                </div>
              </div>
              <div
                class="mm-box mm-box--margin-top-4 mm-box--padding-4 mm-box--display-flex mm-box--justify-content-flex-start"
              >
                <div
                  class="mm-box connect-page__edit-icon mm-box--margin-right-4 mm-box--padding-4 mm-box--display-flex mm-box--justify-content-center mm-box--align-items-center mm-box--background-color-info-muted mm-box--rounded-md"
                >
                  <span
                    class="mm-box mm-icon mm-icon--size-md mm-box--display-inline-block mm-box--color-info-default"
                    style="mask-image: url('./images/icons/edit.svg');"
                  />
                </div>
                <button
                  class="mm-box mm-text mm-button-base mm-button-link mm-button-link--size-auto mm-text--body-md-medium mm-box--padding-0 mm-box--padding-right-0 mm-box--padding-left-0 mm-box--display-inline-flex mm-box--justify-content-center mm-box--align-items-center mm-box--color-info-default mm-box--background-color-transparent"
                  data-testid="edit"
                >
                  Edit accounts
                </button>
              </div>
            </div>
          </div>
        </div>
      </div>
      <div
        class="mm-box multichain-page-footer mm-box--padding-4 mm-box--display-flex mm-box--gap-4 mm-box--width-full"
      >
        <div
          class="mm-box mm-box--display-flex mm-box--gap-4 mm-box--flex-direction-column mm-box--width-full"
        >
          <div
            class="mm-box mm-box--display-flex mm-box--gap-4 mm-box--width-full"
          >
            <button
              class="mm-box mm-text mm-button-base mm-button-base--size-lg mm-button-base--block mm-button-secondary mm-text--body-md-medium mm-box--padding-0 mm-box--padding-right-4 mm-box--padding-left-4 mm-box--display-inline-flex mm-box--justify-content-center mm-box--align-items-center mm-box--color-text-default mm-box--background-color-background-muted mm-box--rounded-xl"
              data-testid="cancel-btn"
            >
              Cancel
            </button>
            <button
              class="mm-box mm-text mm-button-base mm-button-base--size-lg mm-button-base--block mm-button-primary mm-text--body-md-medium mm-box--padding-0 mm-box--padding-right-4 mm-box--padding-left-4 mm-box--display-inline-flex mm-box--justify-content-center mm-box--align-items-center mm-box--color-icon-inverse mm-box--background-color-icon-default mm-box--rounded-xl"
              data-testid="confirm-btn"
            >
              Connect
            </button>
          </div>
        </div>
      </div>
    </div>
  </div>
</div>
`;

exports[`MultichainConnectPage renders with existing permissions correctly 1`] = `
<div>
  <div
    class="mm-box multichain-page multichain-page--has-app-header mm-box--display-flex mm-box--flex-direction-row mm-box--justify-content-center mm-box--width-full mm-box--height-full mm-box--background-color-background-default"
    data-testid="multichain-page"
  >
    <div
      class="mm-box multichain-page__inner-container main-container multichain-connect-page mm-box--display-flex mm-box--flex-direction-column mm-box--width-full mm-box--height-full mm-box--background-color-background-default"
      data-testid="connect-page"
    >
      <div
        class="mm-box mm-header-base multichain-page-header mm-box--padding-4 mm-box--padding-top-8 mm-box--padding-bottom-0 mm-box--display-flex mm-box--justify-content-center mm-box--width-full"
      >
        <div
          class="mm-box"
        >
          <p
            class="mm-box mm-text mm-text--body-md-bold mm-text--ellipsis mm-text--text-align-center mm-box--padding-inline-start-8 mm-box--padding-inline-end-8 mm-box--display-block mm-box--color-text-default"
          >
            <div
              class="mm-box mm-box--margin-bottom-8 mm-box--display-flex mm-box--justify-content-center"
            >
              <div
                class="mm-box"
                style="filter: blur(16px) brightness(1.1); position: absolute;"
              >
                <div
                  class="mm-box mm-text mm-avatar-base mm-avatar-base--size-xl mm-avatar-favicon mm-text--body-lg-medium mm-text--text-transform-uppercase mm-box--display-flex mm-box--justify-content-center mm-box--align-items-center mm-box--color-text-default mm-box--background-color-background-muted mm-box--rounded-full mm-box--border-color-transparent box--border-style-solid box--border-width-1"
                >
                  <img
                    alt="metamask.github.io logo"
                    class="mm-avatar-favicon__image"
                    src="https://metamask.github.io/test-dapp/metamask-fox.svg"
                  />
                </div>
              </div>
              <div
                class="mm-box mm-text mm-avatar-base mm-avatar-base--size-lg mm-avatar-favicon mm-text--body-lg-medium mm-text--text-transform-uppercase mm-box--display-flex mm-box--justify-content-center mm-box--align-items-center mm-box--color-text-default mm-box--background-color-background-muted mm-box--rounded-full mm-box--border-color-transparent box--border-style-solid box--border-width-1"
                style="z-index: 1; background: transparent;"
              >
                <img
                  alt="metamask.github.io logo"
                  class="mm-avatar-favicon__image"
                  src="https://metamask.github.io/test-dapp/metamask-fox.svg"
                />
              </div>
            </div>
            <h2
              class="mm-box mm-text mm-text--heading-lg mm-box--margin-bottom-1 mm-box--color-text-default"
            >
              metamask.github.io
            </h2>
            <div
              class="mm-box mm-box--display-flex mm-box--justify-content-center"
            >
              <p
                class="mm-box mm-text mm-text--body-md mm-box--color-text-alternative"
              >
                Connect this website with MetaMask
              </p>
            </div>
          </p>
        </div>
      </div>
      <div
        class="mm-box multichain-page-content mm-box--padding-4 mm-box--padding-right-4 mm-box--padding-left-4 mm-box--display-flex mm-box--flex-direction-column mm-box--width-full mm-box--height-full mm-box--background-color-transparent"
        style="overflow: auto;"
      >
        <div
          class="bg-transparent tabs transform-gpu"
        >
          <div
            class="flex flex-row gap-4 justify-center bg-transparent"
            role="tablist"
          >
            <button
              aria-disabled="false"
              aria-selected="true"
              class="text-s-body-md leading-s-body-md tracking-s-body-md md:text-l-body-md md:leading-l-body-md md:tracking-l-body-md font-medium font-default text-center flex align-middle justify-center border-b-2 border-transparent px-0 py-1 transition-all duration-200 cubic-bezier(0.7, 0, 0.15, 1) hover:enabled:text-default text-default border-b-text-default multichain-connect-page__tab"
              data-testid="accounts-tab"
              role="tab"
              tabindex="0"
            >
              Accounts
            </button>
            <button
              aria-disabled="false"
              aria-selected="false"
              class="text-alternative text-s-body-md leading-s-body-md tracking-s-body-md md:text-l-body-md md:leading-l-body-md md:tracking-l-body-md font-medium font-default text-center flex align-middle justify-center border-b-2 border-transparent px-0 py-1 transition-all duration-200 cubic-bezier(0.7, 0, 0.15, 1) hover:enabled:text-default multichain-connect-page__tab"
              data-testid="permissions-tab"
              role="tab"
              tabindex="-1"
            >
              Permissions
            </button>
          </div>
          <div
            class=""
            role="tabpanel"
          >
            <div
              class="mm-box mm-box--margin-top-4"
            >
              <div
                class="mm-box mm-box--background-color-background-default mm-box--rounded-xl"
              >
                <div
                  class="mm-box multichain-account-cell mm-box--padding-4 mm-box--display-flex mm-box--justify-content-space-between mm-box--align-items-center"
                  data-testid="multichain-account-cell-entropy:01JKAF3DSGM3AB87EM9N0K41AJ/0"
                  style="cursor: default;"
                >
                  <div
                    class="mm-box mm-box--display-flex mm-box--justify-content-flex-start mm-box--align-items-center"
                    style="min-width: 0; flex: 1;"
                  >
                    <div
                      class="mm-box multichain-account-cell__account-avatar mm-box--display-flex mm-box--justify-content-center mm-box--align-items-center mm-box--rounded-xl mm-box--border-color-transparent box--border-style-solid box--border-width-1"
                    >
                      <div
                        class="inline-flex shrink-0 items-center justify-center overflow-hidden bg-section rounded-lg h-8 w-8"
                      >
                        <div
                          class="flex [&>div]:!rounded-none"
                        >
                          <div
                            style="border-radius: 50px; overflow: hidden; padding: 0px; margin: 0px; width: 32px; height: 32px; display: inline-block; background: rgb(3, 94, 89);"
                          >
                            <svg
                              height="32"
                              width="32"
                              x="0"
                              y="0"
                            >
                              <rect
                                fill="#FB188D"
                                height="32"
                                transform="translate(-1.10425413395151 -2.28627085338780) rotate(359.4 16.00000000000000 16.00000000000000)"
                                width="32"
                                x="0"
                                y="0"
                              />
                              <rect
                                fill="#018E77"
                                height="32"
                                transform="translate(-14.91284386081665 10.85511085677637) rotate(246.0 16.00000000000000 16.00000000000000)"
                                width="32"
                                x="0"
                                y="0"
                              />
                              <rect
                                fill="#C81471"
                                height="32"
                                transform="translate(-30.37340441878390 -6.94681861231760) rotate(324.3 16.00000000000000 16.00000000000000)"
                                width="32"
                                x="0"
                                y="0"
                              />
                            </svg>
                          </div>
                        </div>
                      </div>
                    </div>
                    <div
                      class="mm-box"
                      style="overflow: hidden;"
                    >
                      <p
                        class="mm-box mm-text multichain-account-cell__account-name mm-text--body-md-medium mm-text--ellipsis mm-box--margin-left-3 mm-box--color-text-default"
                      >
                        Test Account Group 1
                      </p>
                    </div>
                  </div>
                  <div
                    class="mm-box mm-box--display-flex mm-box--justify-content-center mm-box--align-items-center"
                    style="flex-shrink: 0;"
                  >
                    <p
                      class="mm-box mm-text multichain-account-cell__account-balance mm-text--body-md-medium mm-box--margin-right-2 mm-box--color-text-default"
                      data-testid="balance-display"
                    />
                    <div
                      aria-label="Test Account Group 1 options"
                      class="mm-box multichain-account-cell__end_accessory mm-box--display-flex mm-box--justify-content-flex-end mm-box--align-items-center"
                      data-testid="multichain-account-cell-end-accessory"
                    />
                  </div>
                </div>
              </div>
              <div
                class="mm-box mm-box--margin-top-4 mm-box--padding-4 mm-box--display-flex mm-box--justify-content-flex-start"
              >
                <div
                  class="mm-box connect-page__edit-icon mm-box--margin-right-4 mm-box--padding-4 mm-box--display-flex mm-box--justify-content-center mm-box--align-items-center mm-box--background-color-info-muted mm-box--rounded-md"
                >
                  <span
                    class="mm-box mm-icon mm-icon--size-md mm-box--display-inline-block mm-box--color-info-default"
                    style="mask-image: url('./images/icons/edit.svg');"
                  />
                </div>
                <button
                  class="mm-box mm-text mm-button-base mm-button-link mm-button-link--size-auto mm-text--body-md-medium mm-box--padding-0 mm-box--padding-right-0 mm-box--padding-left-0 mm-box--display-inline-flex mm-box--justify-content-center mm-box--align-items-center mm-box--color-info-default mm-box--background-color-transparent"
                  data-testid="edit"
                >
                  Edit accounts
                </button>
              </div>
            </div>
          </div>
        </div>
      </div>
      <div
        class="mm-box multichain-page-footer mm-box--padding-4 mm-box--display-flex mm-box--gap-4 mm-box--width-full"
      >
        <div
          class="mm-box mm-box--display-flex mm-box--gap-4 mm-box--flex-direction-column mm-box--width-full"
        >
          <div
            class="mm-box mm-box--display-flex mm-box--gap-4 mm-box--width-full"
          >
            <button
              class="mm-box mm-text mm-button-base mm-button-base--size-lg mm-button-base--block mm-button-secondary mm-text--body-md-medium mm-box--padding-0 mm-box--padding-right-4 mm-box--padding-left-4 mm-box--display-inline-flex mm-box--justify-content-center mm-box--align-items-center mm-box--color-text-default mm-box--background-color-background-muted mm-box--rounded-xl"
              data-testid="cancel-btn"
            >
              Cancel
            </button>
            <button
              class="mm-box mm-text mm-button-base mm-button-base--size-lg mm-button-base--block mm-button-primary mm-text--body-md-medium mm-box--padding-0 mm-box--padding-right-4 mm-box--padding-left-4 mm-box--display-inline-flex mm-box--justify-content-center mm-box--align-items-center mm-box--color-icon-inverse mm-box--background-color-icon-default mm-box--rounded-xl"
              data-testid="confirm-btn"
            >
              Connect
            </button>
          </div>
        </div>
      </div>
    </div>
  </div>
</div>
`;

exports[`MultichainConnectPage renders with multichain origin request correctly 1`] = `
<div>
  <div
    class="mm-box multichain-page multichain-page--has-app-header mm-box--display-flex mm-box--flex-direction-row mm-box--justify-content-center mm-box--width-full mm-box--height-full mm-box--background-color-background-default"
    data-testid="multichain-page"
  >
    <div
      class="mm-box multichain-page__inner-container main-container multichain-connect-page mm-box--display-flex mm-box--flex-direction-column mm-box--width-full mm-box--height-full mm-box--background-color-background-default"
      data-testid="connect-page"
    >
      <div
        class="mm-box mm-header-base multichain-page-header mm-box--padding-4 mm-box--padding-top-8 mm-box--padding-bottom-0 mm-box--display-flex mm-box--justify-content-center mm-box--width-full"
      >
        <div
          class="mm-box"
        >
          <p
            class="mm-box mm-text mm-text--body-md-bold mm-text--ellipsis mm-text--text-align-center mm-box--padding-inline-start-8 mm-box--padding-inline-end-8 mm-box--display-block mm-box--color-text-default"
          >
            <div
              class="mm-box mm-box--margin-bottom-8 mm-box--display-flex mm-box--justify-content-center"
            >
              <div
                class="mm-box"
                style="filter: blur(16px) brightness(1.1); position: absolute;"
              >
                <div
                  class="mm-box mm-text mm-avatar-base mm-avatar-base--size-xl mm-avatar-favicon mm-text--body-lg-medium mm-text--text-transform-uppercase mm-box--display-flex mm-box--justify-content-center mm-box--align-items-center mm-box--color-text-default mm-box--background-color-background-muted mm-box--rounded-full mm-box--border-color-transparent box--border-style-solid box--border-width-1"
                >
                  <img
                    alt="metamask.github.io logo"
                    class="mm-avatar-favicon__image"
                    src="https://metamask.github.io/test-dapp/metamask-fox.svg"
                  />
                </div>
              </div>
              <div
                class="mm-box mm-text mm-avatar-base mm-avatar-base--size-lg mm-avatar-favicon mm-text--body-lg-medium mm-text--text-transform-uppercase mm-box--display-flex mm-box--justify-content-center mm-box--align-items-center mm-box--color-text-default mm-box--background-color-background-muted mm-box--rounded-full mm-box--border-color-transparent box--border-style-solid box--border-width-1"
                style="z-index: 1; background: transparent;"
              >
                <img
                  alt="metamask.github.io logo"
                  class="mm-avatar-favicon__image"
                  src="https://metamask.github.io/test-dapp/metamask-fox.svg"
                />
              </div>
            </div>
            <h2
              class="mm-box mm-text mm-text--heading-lg mm-box--margin-bottom-1 mm-box--color-text-default"
            >
              metamask.github.io
            </h2>
            <div
              class="mm-box mm-box--display-flex mm-box--justify-content-center"
            >
              <p
                class="mm-box mm-text mm-text--body-md mm-box--color-text-alternative"
              >
                Connect this website with MetaMask
              </p>
            </div>
          </p>
        </div>
      </div>
      <div
        class="mm-box multichain-page-content mm-box--padding-4 mm-box--padding-right-4 mm-box--padding-left-4 mm-box--display-flex mm-box--flex-direction-column mm-box--width-full mm-box--height-full mm-box--background-color-transparent"
        style="overflow: auto;"
      >
        <div
          class="bg-transparent tabs transform-gpu"
        >
          <div
            class="flex flex-row gap-4 justify-center bg-transparent"
            role="tablist"
          >
            <button
              aria-disabled="false"
              aria-selected="true"
              class="text-s-body-md leading-s-body-md tracking-s-body-md md:text-l-body-md md:leading-l-body-md md:tracking-l-body-md font-medium font-default text-center flex align-middle justify-center border-b-2 border-transparent px-0 py-1 transition-all duration-200 cubic-bezier(0.7, 0, 0.15, 1) hover:enabled:text-default text-default border-b-text-default multichain-connect-page__tab"
              data-testid="accounts-tab"
              role="tab"
              tabindex="0"
            >
              Accounts
            </button>
            <button
              aria-disabled="false"
              aria-selected="false"
              class="text-alternative text-s-body-md leading-s-body-md tracking-s-body-md md:text-l-body-md md:leading-l-body-md md:tracking-l-body-md font-medium font-default text-center flex align-middle justify-center border-b-2 border-transparent px-0 py-1 transition-all duration-200 cubic-bezier(0.7, 0, 0.15, 1) hover:enabled:text-default multichain-connect-page__tab"
              data-testid="permissions-tab"
              role="tab"
              tabindex="-1"
            >
              Permissions
            </button>
          </div>
          <div
            class=""
            role="tabpanel"
          >
            <div
              class="mm-box mm-box--margin-top-4"
            >
              <div
                class="mm-box mm-box--background-color-background-default mm-box--rounded-xl"
              >
                <div
                  class="mm-box multichain-account-cell mm-box--padding-4 mm-box--display-flex mm-box--justify-content-space-between mm-box--align-items-center"
                  data-testid="multichain-account-cell-entropy:01JKAF3DSGM3AB87EM9N0K41AJ/0"
                  style="cursor: default;"
                >
                  <div
                    class="mm-box mm-box--display-flex mm-box--justify-content-flex-start mm-box--align-items-center"
                    style="min-width: 0; flex: 1;"
                  >
                    <div
                      class="mm-box multichain-account-cell__account-avatar mm-box--display-flex mm-box--justify-content-center mm-box--align-items-center mm-box--rounded-xl mm-box--border-color-transparent box--border-style-solid box--border-width-1"
                    >
                      <div
                        class="inline-flex shrink-0 items-center justify-center overflow-hidden bg-section rounded-lg h-8 w-8"
                      >
                        <div
                          class="flex [&>div]:!rounded-none"
                        >
                          <div
                            style="border-radius: 50px; overflow: hidden; padding: 0px; margin: 0px; width: 32px; height: 32px; display: inline-block; background: rgb(3, 94, 89);"
                          >
                            <svg
                              height="32"
                              width="32"
                              x="0"
                              y="0"
                            >
                              <rect
                                fill="#FB188D"
                                height="32"
                                transform="translate(-1.10425413395151 -2.28627085338780) rotate(359.4 16.00000000000000 16.00000000000000)"
                                width="32"
                                x="0"
                                y="0"
                              />
                              <rect
                                fill="#018E77"
                                height="32"
                                transform="translate(-14.91284386081665 10.85511085677637) rotate(246.0 16.00000000000000 16.00000000000000)"
                                width="32"
                                x="0"
                                y="0"
                              />
                              <rect
                                fill="#C81471"
                                height="32"
                                transform="translate(-30.37340441878390 -6.94681861231760) rotate(324.3 16.00000000000000 16.00000000000000)"
                                width="32"
                                x="0"
                                y="0"
                              />
                            </svg>
                          </div>
                        </div>
                      </div>
                    </div>
                    <div
                      class="mm-box"
                      style="overflow: hidden;"
                    >
                      <p
                        class="mm-box mm-text multichain-account-cell__account-name mm-text--body-md-medium mm-text--ellipsis mm-box--margin-left-3 mm-box--color-text-default"
                      >
                        Test Account Group 1
                      </p>
                    </div>
                  </div>
                  <div
                    class="mm-box mm-box--display-flex mm-box--justify-content-center mm-box--align-items-center"
                    style="flex-shrink: 0;"
                  >
                    <p
                      class="mm-box mm-text multichain-account-cell__account-balance mm-text--body-md-medium mm-box--margin-right-2 mm-box--color-text-default"
                      data-testid="balance-display"
                    />
                    <div
                      aria-label="Test Account Group 1 options"
                      class="mm-box multichain-account-cell__end_accessory mm-box--display-flex mm-box--justify-content-flex-end mm-box--align-items-center"
                      data-testid="multichain-account-cell-end-accessory"
                    />
                  </div>
                </div>
              </div>
              <div
                class="mm-box mm-box--margin-top-4 mm-box--padding-4 mm-box--display-flex mm-box--justify-content-flex-start"
              >
                <div
                  class="mm-box connect-page__edit-icon mm-box--margin-right-4 mm-box--padding-4 mm-box--display-flex mm-box--justify-content-center mm-box--align-items-center mm-box--background-color-info-muted mm-box--rounded-md"
                >
                  <span
                    class="mm-box mm-icon mm-icon--size-md mm-box--display-inline-block mm-box--color-info-default"
                    style="mask-image: url('./images/icons/edit.svg');"
                  />
                </div>
                <button
                  class="mm-box mm-text mm-button-base mm-button-link mm-button-link--size-auto mm-text--body-md-medium mm-box--padding-0 mm-box--padding-right-0 mm-box--padding-left-0 mm-box--display-inline-flex mm-box--justify-content-center mm-box--align-items-center mm-box--color-info-default mm-box--background-color-transparent"
                  data-testid="edit"
                >
                  Edit accounts
                </button>
              </div>
            </div>
          </div>
        </div>
      </div>
      <div
        class="mm-box multichain-page-footer mm-box--padding-4 mm-box--display-flex mm-box--gap-4 mm-box--width-full"
      >
        <div
          class="mm-box mm-box--display-flex mm-box--gap-4 mm-box--flex-direction-column mm-box--width-full"
        >
          <div
            class="mm-box mm-box--display-flex mm-box--gap-4 mm-box--width-full"
          >
            <button
              class="mm-box mm-text mm-button-base mm-button-base--size-lg mm-button-base--block mm-button-secondary mm-text--body-md-medium mm-box--padding-0 mm-box--padding-right-4 mm-box--padding-left-4 mm-box--display-inline-flex mm-box--justify-content-center mm-box--align-items-center mm-box--color-text-default mm-box--background-color-background-muted mm-box--rounded-xl"
              data-testid="cancel-btn"
            >
              Cancel
            </button>
            <button
              class="mm-box mm-text mm-button-base mm-button-base--size-lg mm-button-base--block mm-button-primary mm-text--body-md-medium mm-box--padding-0 mm-box--padding-right-4 mm-box--padding-left-4 mm-box--display-inline-flex mm-box--justify-content-center mm-box--align-items-center mm-box--color-icon-inverse mm-box--background-color-icon-default mm-box--rounded-xl"
              data-testid="confirm-btn"
            >
              Connect
            </button>
          </div>
        </div>
      </div>
    </div>
  </div>
</div>
`;
