// Jest Snapshot v1, https://goo.gl/fbAQLP

exports[`SnapUIForm will render 1`] = `
<div>
  <div
    class="mm-box snap-ui-renderer__content mm-box--height-full mm-box--background-color-background-alternative"
    style="overflow-y: auto; margin-bottom: 0px;"
  >
    <div
      class="box snap-ui-renderer__container box--display-flex box--flex-direction-column"
    >
      <div
        class="box snap-ui-renderer__panel box--display-flex box--flex-direction-column box--justify-content-flex-start box--color-text-default"
      >
        <form
          class="mm-box snap-ui-renderer__form mm-box--display-flex mm-box--gap-2 mm-box--flex-direction-column"
          id="form"
        >
          <div
            class="mm-box mm-form-text-field snap-ui-renderer__input mm-box--display-flex mm-box--flex-direction-column"
          >
            <div
              class="mm-box mm-text-field mm-text-field--size-md mm-text-field--truncate mm-form-text-field__text-field mm-box--padding-right-0 mm-box--padding-left-0 mm-box--display-inline-flex mm-box--align-items-center mm-box--background-color-background-default mm-box--rounded-sm mm-box--border-width-1 box--border-style-solid"
            >
              <input
                autocomplete="off"
                class="mm-box mm-text mm-input mm-input--disable-state-styles mm-text-field__input mm-text--body-md mm-box--margin-0 mm-box--padding-0 mm-box--padding-right-4 mm-box--padding-left-4 mm-box--color-text-default mm-box--background-color-transparent mm-box--border-style-none"
                focused="false"
                id="input"
                type="text"
                value="abc"
              />
            </div>
          </div>
          <button
            class="mm-box mm-text snap-ui-renderer__button mm-text--body-md mm-text--font-weight-medium mm-box--color-info-default"
            id="submit"
            type="submit"
          >
            Submit
          </button>
        </form>
      </div>
    </div>
    <span
      data-renders="1"
      data-testid="performance"
    />
  </div>
</div>
`;

exports[`SnapUIForm will render with fields 1`] = `
<div>
  <div
    class="mm-box snap-ui-renderer__content mm-box--height-full mm-box--background-color-background-alternative"
    style="overflow-y: auto; margin-bottom: 0px;"
  >
    <div
      class="box snap-ui-renderer__container box--display-flex box--flex-direction-column"
    >
      <div
        class="box snap-ui-renderer__panel box--display-flex box--flex-direction-column box--justify-content-flex-start box--color-text-default"
      >
        <form
          class="mm-box snap-ui-renderer__form mm-box--display-flex mm-box--gap-2 mm-box--flex-direction-column"
          id="form"
        >
          <div
            class="mm-box mm-form-text-field snap-ui-renderer__input snap-ui-renderer__field mm-box--display-flex mm-box--flex-direction-column"
          >
            <label
              class="mm-box mm-text mm-label mm-label--html-for mm-form-text-field__label mm-text--body-md mm-text--font-weight-medium mm-box--display-inline-flex mm-box--align-items-center mm-box--color-text-default"
              for="input"
            >
              My Input
            </label>
            <div
              class="mm-box mm-text-field mm-text-field--size-md mm-text-field--truncate mm-form-text-field__text-field mm-box--padding-right-0 mm-box--padding-left-0 mm-box--display-inline-flex mm-box--align-items-center mm-box--background-color-background-default mm-box--rounded-sm mm-box--border-width-1 box--border-style-solid"
            >
              <input
                autocomplete="off"
                class="mm-box mm-text mm-input mm-input--disable-state-styles mm-text-field__input mm-text--body-md mm-box--margin-0 mm-box--padding-0 mm-box--padding-right-4 mm-box--padding-left-4 mm-box--color-text-default mm-box--background-color-transparent mm-box--border-style-none"
                focused="false"
                id="input"
                type="text"
                value="abc"
              />
            </div>
          </div>
          <div
            class="mm-box snap-ui-renderer__checkbox mm-box--display-flex mm-box--flex-direction-column"
          >
            <label
              class="mm-box mm-text mm-label mm-label--html-for mm-text--body-md mm-text--font-weight-medium mm-box--display-inline-flex mm-box--align-items-center mm-box--color-text-default"
              for="checkbox"
            >
              Checkbox
            </label>
            <label
              class="mm-box mm-text mm-checkbox mm-text--body-md mm-box--display-inline-flex mm-box--align-items-center mm-box--color-text-default"
            >
              <span
                class="mm-checkbox__input-wrapper"
              >
                <input
                  class="mm-box mm-checkbox__input mm-checkbox__input--checked mm-box--margin-0 mm-box--margin-right-0 mm-box--display-flex mm-box--background-color-primary-default mm-box--rounded-sm mm-box--border-color-border-muted mm-box--border-width-2 box--border-style-solid"
                  type="checkbox"
                />
                <span
                  class="mm-box mm-checkbox__icon mm-icon mm-icon--size-md mm-box--display-inline-block mm-box--color-primary-inverse"
                  style="mask-image: url('./images/icons/check-bold.svg');"
                />
              </span>
            </label>
          </div>
          <button
            class="mm-box mm-text snap-ui-renderer__button mm-text--body-md mm-text--font-weight-medium mm-box--color-info-default"
            id="submit"
            type="submit"
          >
            Submit
          </button>
        </form>
      </div>
    </div>
    <span
      data-renders="1"
      data-testid="performance"
    />
  </div>
</div>
`;
