// Jest Snapshot v1, https://goo.gl/fbAQLP

exports[`AvatarNetwork should render correctly 1`] = `
<div>
  <div
    class="mm-box mm-text mm-avatar-base mm-avatar-base--size-md mm-avatar-network mm-text--body-sm mm-text--text-transform-uppercase mm-box--display-flex mm-box--justify-content-center mm-box--align-items-center mm-box--color-text-default mm-box--background-color-background-alternative mm-box--rounded-md mm-box--border-color-background-default mm-box--border-width-1 box--border-style-solid"
    data-testid="avatar-network"
  >
    <img
      alt="ethereum logo"
      class="mm-avatar-network__network-image"
      src="./images/eth_logo.svg"
    />
  </div>
</div>
`;
