// Jest Snapshot v1, https://goo.gl/fbAQLP

exports[`ShieldSubscriptionApproveInfo renders correctly 1`] = `
<div>
  <div
    class="pt-4"
  >
    <div
      class="mm-box mm-box--margin-bottom-4 mm-box--padding-top-1 mm-box--padding-bottom-1 mm-box--padding-inline-2 mm-box--background-color-background-section mm-box--rounded-lg"
      data-testid="shield-subscription-approve__subscription_details_section"
    >
      <div
        class="flex flex-row items-start justify-between p-2"
      >
        <div
          class="flex flex-col items-start justify-center"
        >
          <p
            class="mm-box mm-text mm-text--body-md-bold mm-box--color-text-default"
          >
            Transaction Shield
          </p>
          <p
            class="mm-box mm-text mm-text--body-md mm-box--color-text-default"
          >
            $8/month (Monthly)
          </p>
        </div>
        <div
          class="items-center pr-1 pl-1"
          data-testid="free-seven-day-trial"
        >
          <p
            class="mm-box mm-text mm-text--body-sm mm-box--color-inherit"
          >
            Free 7-day trial
          </p>
        </div>
      </div>
    </div>
    <div
      class="mm-box mm-box--margin-bottom-4 mm-box--padding-top-1 mm-box--padding-bottom-1 mm-box--padding-inline-2 mm-box--background-color-background-section mm-box--rounded-lg"
      data-testid="shield-subscription-approve__estimated_changes_section"
    >
      <div
        class="mm-box confirm-info-row mm-box--margin-top-2 mm-box--margin-bottom-2 mm-box--padding-right-2 mm-box--padding-left-2 mm-box--display-flex mm-box--flex-direction-row mm-box--flex-wrap-wrap mm-box--justify-content-space-between mm-box--align-items-flex-start mm-box--color-text-default mm-box--rounded-lg"
        style="overflow-wrap: anywhere; min-height: 24px; position: relative;"
      >
        <div
          class="mm-box mm-box--display-flex mm-box--flex-direction-row mm-box--justify-content-center mm-box--align-items-flex-start mm-box--color-text-alternative"
        >
          <div
            class="mm-box mm-box--display-flex mm-box--align-items-center"
          >
            <p
              class="mm-box mm-text mm-text--body-md-medium mm-box--color-inherit"
            >
              Estimated changes
            </p>
            <div>
              <div
                aria-describedby="tippy-tooltip-1"
                class=""
                data-original-title="Authorize up to $96 for the full year. You'll be billed $8 each month, not the full amount now."
                data-tooltipped=""
                style="display: flex;"
                tabindex="0"
              >
                <span
                  class="mm-box mm-icon mm-icon--size-sm mm-box--margin-left-1 mm-box--display-inline-block mm-box--color-icon-alternative"
                  style="mask-image: url('./images/icons/question.svg');"
                />
              </div>
            </div>
          </div>
        </div>
      </div>
      <div
        class="mm-box confirm-info-row mm-box--margin-top-2 mm-box--margin-bottom-2 mm-box--padding-right-2 mm-box--padding-left-2 mm-box--display-flex mm-box--flex-direction-row mm-box--flex-wrap-wrap mm-box--justify-content-space-between mm-box--align-items-flex-start mm-box--color-text-default mm-box--rounded-lg"
        style="overflow-wrap: anywhere; min-height: 24px; position: relative;"
      >
        <div
          class="mm-box mm-box--display-flex mm-box--flex-direction-row mm-box--justify-content-center mm-box--align-items-flex-start mm-box--color-text-alternative"
        >
          <div
            class="mm-box mm-box--display-flex mm-box--align-items-center"
          >
            <p
              class="mm-box mm-text mm-text--body-md-medium mm-box--color-inherit"
            >
              You approve
            </p>
          </div>
        </div>
        <div
          class="flex flex-row"
        >
          <span
            style="margin-right: 8px;"
          >
            96
          </span>
          <div
            class="mm-box mm-box--display-flex mm-box--flex-direction-column"
          >
            <div
              class="name name__clickable name__missing"
            >
              <span
                class="mm-box name__icon mm-icon mm-icon--size-sm mm-box--display-inline-block mm-box--color-inherit"
                style="mask-image: url('./images/icons/question.svg');"
              />
              <p
                class="mm-box mm-text name__value mm-text--body-md mm-box--color-text-default"
              >
                0x07614...3ad68
              </p>
            </div>
          </div>
        </div>
      </div>
    </div>
    <div
      class="mm-box mm-box--margin-bottom-4 mm-box--padding-top-1 mm-box--padding-bottom-1 mm-box--padding-inline-2 mm-box--background-color-background-section mm-box--rounded-lg"
      data-testid="shield-subscription-approve__account_details_section"
    >
      <div
        class="mm-box confirm-info-row mm-box--margin-top-2 mm-box--margin-bottom-2 mm-box--padding-right-2 mm-box--padding-left-2 mm-box--display-flex mm-box--flex-direction-row mm-box--flex-wrap-wrap mm-box--justify-content-space-between mm-box--align-items-flex-start mm-box--color-text-default mm-box--rounded-lg"
        style="overflow-wrap: anywhere; min-height: 24px; position: relative;"
      >
        <div
          class="mm-box mm-box--display-flex mm-box--flex-direction-row mm-box--justify-content-center mm-box--align-items-flex-start"
        >
          <div
            class="mm-box mm-box--display-flex mm-box--align-items-center"
          >
            <p
              class="mm-box mm-text mm-text--body-md-medium mm-box--color-inherit"
            >
              Account
            </p>
          </div>
        </div>
        <div
          class="mm-box mm-box--display-flex mm-box--flex-direction-row mm-box--align-items-center"
        >
          <div
            class="mm-box mm-box--display-flex mm-box--flex-direction-column"
          >
            <div
              class="name name__clickable name__missing"
            >
              <span
                class="mm-box name__icon mm-icon mm-icon--size-sm mm-box--display-inline-block mm-box--color-inherit"
                style="mask-image: url('./images/icons/question.svg');"
              />
              <p
                class="mm-box mm-text name__value mm-text--body-md mm-box--color-text-default"
              >
                0x2e0D7...5d09B
              </p>
            </div>
          </div>
        </div>
      </div>
    </div>
    <div
      class="mm-box mm-box--margin-bottom-4 mm-box--padding-top-1 mm-box--padding-bottom-1 mm-box--padding-inline-2 mm-box--background-color-background-section mm-box--rounded-lg"
      data-testid="gas-fee-section"
    >
      <div
        class="mm-box mm-box--display-flex mm-box--flex-direction-column"
      >
        <div
          class="mm-box confirm-info-row mm-box--margin-top-2 mm-box--margin-bottom-2 mm-box--padding-right-2 mm-box--padding-left-2 mm-box--display-flex mm-box--flex-direction-row mm-box--flex-wrap-wrap mm-box--justify-content-space-between mm-box--align-items-flex-start mm-box--color-text-default mm-box--rounded-lg"
          data-testid="edit-gas-fees-row"
          style="overflow-wrap: anywhere; min-height: 24px; position: relative; background: transparent; align-items: center;"
        >
          <div
            class="mm-box mm-box--display-flex mm-box--flex-direction-row mm-box--justify-content-center mm-box--align-items-flex-start mm-box--color-text-default"
          >
            <div
              class="mm-box mm-box--display-flex mm-box--align-items-center"
            >
              <p
                class="mm-box mm-text mm-text--body-md-medium mm-box--color-inherit"
              >
                Network fee
              </p>
              <div>
                <div
                  aria-describedby="tippy-tooltip-2"
                  class=""
                  data-original-title="Amount paid to process the transaction on network."
                  data-tooltipped=""
                  style="display: flex;"
                  tabindex="0"
                >
                  <span
                    class="mm-box mm-icon mm-icon--size-sm mm-box--margin-left-1 mm-box--display-inline-block mm-box--color-icon-alternative"
                    data-testid="edit-gas-fees-row-tooltip"
                    style="mask-image: url('./images/icons/question.svg');"
                  />
                </div>
              </div>
            </div>
          </div>
          <div
            class="mm-box mm-skeleton mm-box--background-color-icon-alternative mm-box--rounded-sm"
            style="height: 16px; width: 128px;"
          />
        </div>
        <div
          class="mm-box mm-box--padding-inline-2 mm-box--display-flex mm-box--justify-content-space-between"
        >
          <div
            class="mm-box"
            style="margin-top: 0px;"
          >
            <p
              class="mm-box mm-text mm-text--body-sm mm-box--padding-bottom-0 mm-box--color-text-alternative"
              data-testid="gas-fee-token-fee"
            >
               
            </p>
          </div>
        </div>
      </div>
      <div
        class="mm-box confirm-info-row mm-box--margin-top-2 mm-box--margin-bottom-2 mm-box--padding-right-2 mm-box--padding-left-2 mm-box--display-flex mm-box--flex-direction-row mm-box--flex-wrap-wrap mm-box--justify-content-space-between mm-box--align-items-flex-start mm-box--color-text-default mm-box--rounded-lg"
        data-testid="gas-fee-details-speed"
        style="overflow-wrap: anywhere; min-height: 24px; position: relative; background: transparent;"
      >
        <div
          class="mm-box mm-box--display-flex mm-box--flex-direction-row mm-box--justify-content-center mm-box--align-items-flex-start mm-box--color-text-default"
        >
          <div
            class="mm-box mm-box--display-flex mm-box--align-items-center"
          >
            <p
              class="mm-box mm-text mm-text--body-md-medium mm-box--color-inherit"
            >
              Speed
            </p>
          </div>
        </div>
        <div
          class="mm-box mm-box--display-flex mm-box--align-items-center"
        >
          <div
            class="mm-box mm-box--margin-bottom-1 mm-box--display-flex mm-box--flex-wrap-wrap"
          >
            <p
              class="mm-box mm-text mm-text--body-md mm-box--padding-inline-end-2 mm-box--color-text-alternative"
            >
              🦊 Market
            </p>
            <p
              class="mm-box mm-text mm-text--body-md mm-box--color-text-default"
            >
              <span
                data-testid="gas-timing-time"
              >
                ~
                0 sec
              </span>
            </p>
          </div>
        </div>
      </div>
    </div>
  </div>
</div>
`;
